// Jest Snapshot v1, https://goo.gl/fbAQLP

exports[`TerminologyAisDisabling should render successfully 1`] = `
<body>
  <div>
    <p
      class="container"
    >
      A likely disabling event is indicated where a vessel may have intentionally turned off its AIS device, i.e. where a vessel has 'gone dark.' These events are gaps in AIS transmissions that our models predict are the result of intentional disabling rather than poor signal or similar factors.
    </p>
  </div>
</body>
`;
