// Jest Snapshot v1, https://goo.gl/fbAQLP

exports[`TerminologyIuu should render successfully 1`] = `
<body>
  <div>
    <div
      class="container"
    >
      Illegal, unreported and unregulated (IUU) listing status according to official RFMO IUU vessel lists. A vessel is defined as “present on an RFMO blacklist” if the vessel is currently listed.” For more information, please see the
       
      <a
        href="https://docs.google.com/document/d/1Qq9s_Gp0DrmSczUZdG6D3yktoJVq9EIeuGToKLq1l3Q/edit?usp=sharing"
      >
        FAQs
      </a>
      .
    </div>
  </div>
</body>
`;
