// Jest Snapshot v1, https://goo.gl/fbAQLP

exports[`TerminologyIuu should render successfully 1`] = `
<body>
  <div>
    <div
      class="container"
    >
      Illegal, unreported and unregulated (IUU) listing status according to official RFMO IUU vessel lists. A vessel is defined as “present on an RFMO blacklist” if the vessel is currently listed.” For more information, please see the
       
      <a
        href="https://drive.google.com/drive/folders/1njcl_iDFiaLALTT-bK_wdlil7ldIntU8"
      >
        FAQs
      </a>
      .
    </div>
  </div>
</body>
`;
