// Jest Snapshot v1, https://goo.gl/fbAQLP

exports[`vessels.utils merges vessel data from two sources 1`] = `
Object {
  "authorizations": Array [],
  "builtYear": "1951",
  "callsign": "IRNZ",
  "depth": undefined,
  "firstTransmissionDate": "2013-05-14T03:31:40Z",
  "flag": "ITA",
  "forcedLabour": undefined,
  "geartype": "trawlers",
  "grossTonnage": "51.000",
  "history": Object {
    "builtYear": Object {
      "byCount": Array [],
      "byDate": Array [
        Object {
          "firstSeen": "1991-02-02T00:00:00.000Z",
          "source": "TMT",
          "value": "1951",
        },
      ],
    },
    "callsign": Object {
      "byCount": Array [],
      "byDate": Array [
        Object {
          "endDate": "2021-08-17T09:08:00Z",
          "firstSeen": "2013-05-14T03:31:40Z",
          "source": "GFW",
          "value": "IRNZ",
        },
        Object {
          "source": "TMT",
          "value": "IRNZ",
        },
      ],
    },
    "depth": Object {
      "byCount": Array [],
      "byDate": Array [],
    },
    "flag": Object {
      "byCount": Array [],
      "byDate": Array [
        Object {
          "endDate": "2021-08-17T09:08:00Z",
          "firstSeen": "2013-05-14T03:31:40Z",
          "source": "GFW",
          "value": "ITA",
        },
        Object {
          "firstSeen": "1991-02-02T00:00:00.000Z",
          "source": "TMT",
          "value": "ITA",
        },
      ],
    },
    "geartype": Object {
      "byCount": Array [],
      "byDate": Array [
        Object {
          "endDate": "2021-08-17T09:08:00Z",
          "firstSeen": "2013-05-14T03:31:40Z",
          "source": "GFW",
          "value": "trawlers",
        },
        Object {
          "source": "TMT",
          "value": "Purse seine",
        },
        Object {
          "firstSeen": "2001-02-02T00:00:00.000Z",
          "source": "TMT",
          "value": "Pole and line",
        },
        Object {
          "firstSeen": "1991-02-02T00:00:00.000Z",
          "source": "TMT",
          "value": "Otter trawl",
        },
      ],
    },
    "grossTonnage": Object {
      "byCount": Array [],
      "byDate": Array [
        Object {
          "firstSeen": "1991-02-02T00:00:00.000Z",
          "source": "TMT",
          "value": "51.000",
        },
      ],
    },
    "imo": Object {
      "byCount": Array [],
      "byDate": Array [
        Object {
          "endDate": "2021-08-17T09:08:00Z",
          "firstSeen": "2013-05-14T03:31:40Z",
          "source": "GFW",
          "value": "0",
        },
      ],
    },
    "length": Object {
      "byCount": Array [],
      "byDate": Array [
        Object {
          "firstSeen": "1991-02-02T00:00:00.000Z",
          "source": "TMT",
          "value": "18.550",
        },
      ],
    },
    "mmsi": Object {
      "byCount": Array [],
      "byDate": Array [
        Object {
          "endDate": "2021-08-17T09:08:00Z",
          "firstSeen": "2013-05-14T03:31:40Z",
          "source": "GFW",
          "value": "247099420",
        },
      ],
    },
    "operator": Object {
      "byCount": Array [],
      "byDate": Array [],
    },
    "owner": Object {
      "byCount": Array [],
      "byDate": Array [],
    },
    "shipname": Object {
      "byCount": Array [],
      "byDate": Array [
        Object {
          "endDate": "2021-08-17T09:08:00Z",
          "firstSeen": "2013-05-14T03:31:40Z",
          "source": "GFW",
          "value": "MARIA MARIA 2",
        },
        Object {
          "endDate": "2013-05-14T03:31:40Z",
          "firstSeen": "1991-02-02T00:00:00.000Z",
          "source": "TMT",
          "value": "MARIA MADRE II",
        },
        Object {
          "endDate": "1991-02-02T00:00:00.000Z",
          "firstSeen": "1981-02-02T00:00:00.000Z",
          "source": "TMT",
          "value": "MARIA MARIA",
        },
        Object {
          "originalEndDate": 19810100,
          "originalFirstSeen": 19800100,
          "source": "TMT",
          "value": "MAR",
        },
        Object {
          "originalEndDate": 19720000,
          "originalFirstSeen": 19710000,
          "source": "TMT",
          "value": "MAAAARIA",
        },
      ],
    },
    "vesselType": Object {
      "byCount": Array [],
      "byDate": Array [
        Object {
          "endDate": "2021-08-17T09:08:00Z",
          "firstSeen": "2013-05-14T03:31:40Z",
          "source": "GFW",
          "value": "some vessel type",
        },
        Object {
          "firstSeen": "1991-02-02T00:00:00.000Z",
          "source": "TMT",
          "value": "Fishing Vessel",
        },
      ],
    },
  },
  "id": "ea39ee174-4f61-cf0a-9ed8-fa5c25459890",
  "imageList": Array [],
  "imo": "0",
  "iuuStatus": 0,
  "lastTransmissionDate": "2021-08-17T09:08:00Z",
  "length": "18.550",
  "mmsi": "247099420",
  "operator": undefined,
  "origin": undefined,
  "owner": undefined,
  "shipname": "MARIA MARIA 2",
  "type": "some vessel type",
  "vesselType": "some vessel type",
}
`;
