// Jest Snapshot v1, https://goo.gl/fbAQLP

exports[`selectFilteredEvents  filtered by "encounters" between "2019-01-01" and "2019-12-31" 1`] = `
Array [
  Object {
    "boundingBox": Array [
      15.434544889013436,
      68.41011357919851,
      15.434544889013436,
      68.41011357919851,
    ],
    "color": "#FAE9A0",
    "description": "Encounter with MONICA in Norwegian EEZ",
    "descriptionGeneric": "encounter",
    "distances": Object {
      "endDistanceFromPortKm": 11.860998,
      "endDistanceFromShoreKm": 0,
      "startDistanceFromPortKm": 11.860998,
      "startDistanceFromShoreKm": 0,
    },
    "durationDescription": "20h 50m",
    "encounter": Object {
      "authorizationStatus": "unmatched",
      "authorized": false,
      "medianDistanceKilometers": 0.066,
      "medianSpeedKnots": 0.004,
      "regionAuthorizations": Array [
        Object {
          "authorized": false,
          "rfmo": "ICCAT",
        },
      ],
      "vessel": Object {
        "flag": "NOR",
        "id": "fdc181289-9ab5-12f3-adfd-69e23a72f8c2",
        "name": "MONICA",
        "nextPort": Object {
          "anchorageId": "45dc344d",
          "id": "nor-stokkmarknes",
          "iso": "NOR",
          "label": "STOKKMARKNES",
        },
        "ssvid": "258317500",
        "type": "fishing",
      },
      "vesselAuthorizations": Array [
        Object {
          "authorizations": Array [
            Object {
              "authorized": false,
              "rfmo": "ICCAT",
            },
          ],
          "id": "fbd0ce041-1286-bbcc-e9d8-0e0247265d9d",
        },
        Object {
          "authorizations": Array [
            Object {
              "authorized": false,
              "rfmo": "ICCAT",
            },
          ],
          "id": "fdc181289-9ab5-12f3-adfd-69e23a72f8c2",
        },
      ],
    },
    "end": 1556897400000,
    "id": "encounter-1",
    "position": Object {
      "lat": 68.41011357919851,
      "lon": 15.434544889013436,
    },
    "regionDescription": "Norwegian EEZ",
    "regions": Object {
      "ames": Array [],
      "arg": Array [],
      "eez": Array [
        "5686",
      ],
      "fao": Array [
        "27.2.a",
        "27.2.a.2",
        "27.2",
        "27",
      ],
      "hsp": Array [],
      "kkp": Array [],
      "majorFao": Array [
        "27",
      ],
      "mpant": Array [],
      "mparu": Array [],
      "mregion": Array [],
      "ocean": Array [],
      "other": Array [],
      "rfmo": Array [
        "ICCAT",
        "ICES",
        "IWC",
        "NASCO",
        "ACAP",
        "NAMMCO",
      ],
      "vme": Array [],
    },
    "start": 1556822400000,
    "type": "encounter",
    "vessel": Object {
      "flag": "NOR",
      "id": "fbd0ce041-1286-bbcc-e9d8-0e0247265d9d",
      "name": "INTER NORD",
      "nextPort": Object {
        "anchorageId": null,
        "id": null,
        "iso": null,
        "label": null,
      },
      "ssvid": "259078000",
      "type": "carrier",
    },
  },
  Object {
    "boundingBox": Array [
      15.4321505347,
      68.40999826880001,
      15.4321505347,
      68.40999826880001,
    ],
    "color": "#FAE9A0",
    "description": "Encounter with MONICA in Norwegian EEZ",
    "descriptionGeneric": "encounter",
    "distances": Object {
      "endDistanceFromPortKm": 11.860998,
      "endDistanceFromShoreKm": 0,
      "startDistanceFromPortKm": 11.860998,
      "startDistanceFromShoreKm": 0,
    },
    "durationDescription": "2h 30m",
    "encounter": Object {
      "authorizationStatus": "unmatched",
      "authorized": false,
      "medianDistanceKilometers": 0.07,
      "medianSpeedKnots": 0.004,
      "regionAuthorizations": Array [
        Object {
          "authorized": false,
          "rfmo": "ICCAT",
        },
      ],
      "vessel": Object {
        "flag": "NOR",
        "id": "fdc181289-9ab5-12f3-adfd-69e23a72f8c2",
        "name": "MONICA",
        "nextPort": Object {
          "anchorageId": "45dc344d",
          "id": "nor-stokkmarknes",
          "iso": "NOR",
          "label": "STOKKMARKNES",
        },
        "ssvid": "258317500",
        "type": "fishing",
      },
      "vesselAuthorizations": Array [
        Object {
          "authorizations": Array [
            Object {
              "authorized": false,
              "rfmo": "ICCAT",
            },
          ],
          "id": "fbd0ce041-1286-bbcc-e9d8-0e0247265d9d",
        },
        Object {
          "authorizations": Array [
            Object {
              "authorized": false,
              "rfmo": "ICCAT",
            },
          ],
          "id": "fdc181289-9ab5-12f3-adfd-69e23a72f8c2",
        },
      ],
    },
    "end": 1556526000000,
    "id": "encounter-0",
    "position": Object {
      "lat": 68.40999826880001,
      "lon": 15.4321505347,
    },
    "regionDescription": "Norwegian EEZ",
    "regions": Object {
      "ames": Array [],
      "arg": Array [],
      "eez": Array [
        "5686",
      ],
      "fao": Array [
        "27.2.a",
        "27.2.a.2",
        "27.2",
        "27",
      ],
      "hsp": Array [],
      "kkp": Array [],
      "majorFao": Array [
        "27",
      ],
      "mpant": Array [],
      "mparu": Array [],
      "mregion": Array [],
      "ocean": Array [],
      "other": Array [],
      "rfmo": Array [
        "ICCAT",
        "ICES",
        "IWC",
        "NASCO",
        "ACAP",
        "NAMMCO",
      ],
      "vme": Array [],
    },
    "start": 1556517000000,
    "type": "encounter",
    "vessel": Object {
      "flag": "NOR",
      "id": "fbd0ce041-1286-bbcc-e9d8-0e0247265d9d",
      "name": "INTER NORD",
      "nextPort": Object {
        "anchorageId": "45dc344d",
        "id": "nor-stokkmarknes",
        "iso": "NOR",
        "label": "STOKKMARKNES",
      },
      "ssvid": "259078000",
      "type": "carrier",
    },
  },
]
`;

exports[`selectFilteredEvents  filtered by "loitering" between "2019-01-01" and "2019-12-31" 1`] = `
Array [
  Object {
    "boundingBox": Array [
      15.7696266667,
      67.726585,
      15.7572133333,
      67.7342266667,
    ],
    "color": "#cfa9f9",
    "description": "Loitering in Norwegian EEZ",
    "descriptionGeneric": "Loitering",
    "distances": Object {
      "endDistanceFromPortKm": 21.928682000000002,
      "endDistanceFromShoreKm": 0,
      "startDistanceFromPortKm": 22.341129000000002,
      "startDistanceFromShoreKm": 1,
    },
    "durationDescription": "5h 26m",
    "end": 1557323803000,
    "id": "loitering-3031",
    "loitering": Object {
      "averageDistanceFromShoreKm": 0.022530241935483867,
      "averageSpeedKnots": 1.0288714429210037,
      "totalDistanceKm": 10.342996543348056,
      "totalTimeHours": 5.428055555555555,
    },
    "position": Object {
      "lat": 67.73040583335,
      "lon": 15.76342,
    },
    "regionDescription": "Norwegian EEZ",
    "regions": Object {
      "ames": Array [],
      "arg": Array [],
      "eez": Array [
        "5686",
      ],
      "fao": Array [
        "27.2.a",
        "27.2.a.2",
        "27.2",
        "27",
      ],
      "hsp": Array [],
      "kkp": Array [],
      "majorFao": Array [
        "27",
      ],
      "mpant": Array [],
      "mparu": Array [],
      "mregion": Array [],
      "ocean": Array [],
      "other": Array [],
      "rfmo": Array [
        "ICCAT",
        "ICES",
        "IWC",
        "NASCO",
        "ACAP",
        "NAMMCO",
      ],
      "vme": Array [],
    },
    "start": 1557304262000,
    "type": "loitering",
    "vessel": Object {
      "id": "fbd0ce041-1286-bbcc-e9d8-0e0247265d9d",
      "name": "INTER NORD",
      "nextPort": null,
      "ssvid": "259078000",
    },
  },
  Object {
    "boundingBox": Array [
      16.4800433333,
      69.0317816667,
      16.481375,
      69.0324066667,
    ],
    "color": "#cfa9f9",
    "description": "Loitering in Norwegian EEZ",
    "descriptionGeneric": "Loitering",
    "distances": Object {
      "endDistanceFromPortKm": 4.103241,
      "endDistanceFromShoreKm": 1,
      "startDistanceFromPortKm": 4.103241,
      "startDistanceFromShoreKm": 1,
    },
    "durationDescription": "1h 58m",
    "end": 1557255412000,
    "id": "loitering-3030",
    "loitering": Object {
      "averageDistanceFromShoreKm": 1.0000000000000002,
      "averageSpeedKnots": 0.025312413692480513,
      "totalDistanceKm": 0.0921815388143991,
      "totalTimeHours": 1.9663888888888885,
    },
    "position": Object {
      "lat": 69.0320941667,
      "lon": 16.48070916665,
    },
    "regionDescription": "Norwegian EEZ",
    "regions": Object {
      "ames": Array [],
      "arg": Array [],
      "eez": Array [
        "5686",
      ],
      "fao": Array [
        "27.2.a",
        "27.2.a.2",
        "27.2",
        "27",
      ],
      "hsp": Array [],
      "kkp": Array [],
      "majorFao": Array [
        "27",
      ],
      "mpant": Array [],
      "mparu": Array [],
      "mregion": Array [
        "33",
      ],
      "ocean": Array [
        "atlantic",
      ],
      "other": Array [],
      "rfmo": Array [
        "ICCAT",
        "ICES",
        "IWC",
        "NASCO",
        "ACAP",
        "NAMMCO",
      ],
      "vme": Array [],
    },
    "start": 1557248333000,
    "type": "loitering",
    "vessel": Object {
      "id": "fbd0ce041-1286-bbcc-e9d8-0e0247265d9d",
      "name": "INTER NORD",
      "nextPort": null,
      "ssvid": "259078000",
    },
  },
  Object {
    "boundingBox": Array [
      15.9075266667,
      67.9649816667,
      15.9158466667,
      67.967315,
    ],
    "color": "#cfa9f9",
    "description": "Loitering in Norwegian EEZ",
    "descriptionGeneric": "Loitering",
    "distances": Object {
      "endDistanceFromPortKm": 0,
      "endDistanceFromShoreKm": 0,
      "startDistanceFromPortKm": 1.1876300000000002,
      "startDistanceFromShoreKm": 0,
    },
    "durationDescription": "19h 55m",
    "end": 1557208233000,
    "id": "loitering-3029",
    "loitering": Object {
      "averageDistanceFromShoreKm": 0.04867903814061432,
      "averageSpeedKnots": 0.14749174147976027,
      "totalDistanceKm": 5.440786470150646,
      "totalTimeHours": 19.918333333333337,
    },
    "position": Object {
      "lat": 67.96614833334999,
      "lon": 15.9116866667,
    },
    "regionDescription": "Norwegian EEZ",
    "regions": Object {
      "ames": Array [],
      "arg": Array [],
      "eez": Array [
        "5686",
      ],
      "fao": Array [
        "27.2.a",
        "27.2.a.2",
        "27.2",
        "27",
      ],
      "hsp": Array [],
      "kkp": Array [],
      "majorFao": Array [
        "27",
      ],
      "mpant": Array [],
      "mparu": Array [],
      "mregion": Array [],
      "ocean": Array [],
      "other": Array [],
      "rfmo": Array [
        "ICCAT",
        "ICES",
        "IWC",
        "NASCO",
        "ACAP",
        "NAMMCO",
      ],
      "vme": Array [],
    },
    "start": 1557136527000,
    "type": "loitering",
    "vessel": Object {
      "id": "fbd0ce041-1286-bbcc-e9d8-0e0247265d9d",
      "name": "INTER NORD",
      "nextPort": null,
      "ssvid": "259078000",
    },
  },
  Object {
    "boundingBox": Array [
      14.9571133333,
      68.5744483333,
      14.9570983333,
      68.574455,
    ],
    "color": "#cfa9f9",
    "description": "Loitering in Norwegian EEZ",
    "descriptionGeneric": "Loitering",
    "distances": Object {
      "endDistanceFromPortKm": 0,
      "endDistanceFromShoreKm": 0,
      "startDistanceFromPortKm": 0,
      "startDistanceFromShoreKm": 0,
    },
    "durationDescription": "43h 14m",
    "end": 1557107902000,
    "id": "loitering-3028",
    "loitering": Object {
      "averageDistanceFromShoreKm": 0,
      "averageSpeedKnots": 0,
      "totalDistanceKm": 0,
      "totalTimeHours": 43.23638888888888,
    },
    "position": Object {
      "lat": 68.57445166664999,
      "lon": 14.9571058333,
    },
    "regionDescription": "Norwegian EEZ",
    "regions": Object {
      "ames": Array [],
      "arg": Array [],
      "eez": Array [
        "5686",
      ],
      "fao": Array [
        "27.2.a",
        "27.2.a.2",
        "27.2",
        "27",
      ],
      "hsp": Array [],
      "kkp": Array [],
      "majorFao": Array [
        "27",
      ],
      "mpant": Array [],
      "mparu": Array [],
      "mregion": Array [
        "33",
      ],
      "ocean": Array [
        "atlantic",
      ],
      "other": Array [],
      "rfmo": Array [
        "ICCAT",
        "ICES",
        "IWC",
        "NASCO",
        "ACAP",
        "NAMMCO",
      ],
      "vme": Array [],
    },
    "start": 1556952251000,
    "type": "loitering",
    "vessel": Object {
      "id": "fbd0ce041-1286-bbcc-e9d8-0e0247265d9d",
      "name": "INTER NORD",
      "nextPort": null,
      "ssvid": "259078000",
    },
  },
  Object {
    "boundingBox": Array [
      15.1742533333,
      68.5879083333,
      15.05077,
      68.5579883333,
    ],
    "color": "#cfa9f9",
    "description": "Loitering in Norwegian EEZ",
    "descriptionGeneric": "Loitering",
    "distances": Object {
      "endDistanceFromPortKm": 3.8225149999999997,
      "endDistanceFromShoreKm": 2,
      "startDistanceFromPortKm": 6.881134,
      "startDistanceFromShoreKm": 1,
    },
    "durationDescription": "3h 5m",
    "end": 1556949041000,
    "id": "loitering-3027",
    "loitering": Object {
      "averageDistanceFromShoreKm": 2.23787336716865,
      "averageSpeedKnots": 1.317741121889922,
      "totalDistanceKm": 7.524741053032081,
      "totalTimeHours": 3.0833333333333317,
    },
    "position": Object {
      "lat": 68.5729483333,
      "lon": 15.11251166665,
    },
    "regionDescription": "Norwegian EEZ",
    "regions": Object {
      "ames": Array [],
      "arg": Array [],
      "eez": Array [
        "5686",
      ],
      "fao": Array [
        "27.2.a",
        "27.2.a.2",
        "27.2",
        "27",
      ],
      "hsp": Array [],
      "kkp": Array [],
      "majorFao": Array [
        "27",
      ],
      "mpant": Array [],
      "mparu": Array [],
      "mregion": Array [
        "33",
      ],
      "ocean": Array [
        "atlantic",
      ],
      "other": Array [],
      "rfmo": Array [
        "ICCAT",
        "ICES",
        "IWC",
        "NASCO",
        "ACAP",
        "NAMMCO",
      ],
      "vme": Array [],
    },
    "start": 1556937941000,
    "type": "loitering",
    "vessel": Object {
      "id": "fbd0ce041-1286-bbcc-e9d8-0e0247265d9d",
      "name": "INTER NORD",
      "nextPort": null,
      "ssvid": "259078000",
    },
  },
  Object {
    "boundingBox": Array [
      14.95891,
      68.573925,
      15.0383166667,
      68.5700316667,
    ],
    "color": "#cfa9f9",
    "description": "Loitering in Norwegian EEZ",
    "descriptionGeneric": "Loitering",
    "distances": Object {
      "endDistanceFromPortKm": 3.2501320000000002,
      "endDistanceFromShoreKm": 1,
      "startDistanceFromPortKm": 0,
      "startDistanceFromShoreKm": 0,
    },
    "durationDescription": " 59m",
    "end": 1556920483000,
    "id": "loitering-3026",
    "loitering": Object {
      "averageDistanceFromShoreKm": 0.2064965197215777,
      "averageSpeedKnots": 1.8083994154267489,
      "totalDistanceKm": 3.2933364554141664,
      "totalTimeHours": 0.9833333333333333,
    },
    "position": Object {
      "lat": 68.57197833335,
      "lon": 14.99861333335,
    },
    "regionDescription": "Norwegian EEZ",
    "regions": Object {
      "ames": Array [],
      "arg": Array [],
      "eez": Array [
        "5686",
      ],
      "fao": Array [
        "27.2.a",
        "27.2.a.2",
        "27.2",
        "27",
      ],
      "hsp": Array [],
      "kkp": Array [],
      "majorFao": Array [
        "27",
      ],
      "mpant": Array [],
      "mparu": Array [],
      "mregion": Array [
        "33",
      ],
      "ocean": Array [
        "atlantic",
      ],
      "other": Array [],
      "rfmo": Array [
        "ICCAT",
        "ICES",
        "IWC",
        "NASCO",
        "ACAP",
        "NAMMCO",
      ],
      "vme": Array [],
    },
    "start": 1556916943000,
    "type": "loitering",
    "vessel": Object {
      "id": "fbd0ce041-1286-bbcc-e9d8-0e0247265d9d",
      "name": "INTER NORD",
      "nextPort": null,
      "ssvid": "259078000",
    },
  },
  Object {
    "boundingBox": Array [
      15.433445,
      68.4107416667,
      15.4346583333,
      68.4104133333,
    ],
    "color": "#cfa9f9",
    "description": "Loitering in Norwegian EEZ",
    "descriptionGeneric": "Loitering",
    "distances": Object {
      "endDistanceFromPortKm": 11.860998,
      "endDistanceFromShoreKm": 0,
      "startDistanceFromPortKm": 11.860998,
      "startDistanceFromShoreKm": 0,
    },
    "durationDescription": "2h 59m",
    "end": 1556895343000,
    "id": "loitering-3025",
    "loitering": Object {
      "averageDistanceFromShoreKm": 0,
      "averageSpeedKnots": 0.08882989340489404,
      "totalDistanceKm": 0.4917566639962445,
      "totalTimeHours": 2.9891666666666667,
    },
    "position": Object {
      "lat": 68.4105775,
      "lon": 15.43405166665,
    },
    "regionDescription": "Norwegian EEZ",
    "regions": Object {
      "ames": Array [],
      "arg": Array [],
      "eez": Array [
        "5686",
      ],
      "fao": Array [
        "27.2.a",
        "27.2.a.2",
        "27.2",
        "27",
      ],
      "hsp": Array [],
      "kkp": Array [],
      "majorFao": Array [
        "27",
      ],
      "mpant": Array [],
      "mparu": Array [],
      "mregion": Array [],
      "ocean": Array [],
      "other": Array [],
      "rfmo": Array [
        "ICCAT",
        "ICES",
        "IWC",
        "NASCO",
        "ACAP",
        "NAMMCO",
      ],
      "vme": Array [],
    },
    "start": 1556884582000,
    "type": "loitering",
    "vessel": Object {
      "id": "fbd0ce041-1286-bbcc-e9d8-0e0247265d9d",
      "name": "INTER NORD",
      "nextPort": null,
      "ssvid": "259078000",
    },
  },
  Object {
    "boundingBox": Array [
      14.9597,
      68.57463,
      14.9571666667,
      68.5744433333,
    ],
    "color": "#cfa9f9",
    "description": "Loitering in Norwegian EEZ",
    "descriptionGeneric": "Loitering",
    "distances": Object {
      "endDistanceFromPortKm": 0,
      "endDistanceFromShoreKm": 0,
      "startDistanceFromPortKm": 0,
      "startDistanceFromShoreKm": 0,
    },
    "durationDescription": "4h 60m",
    "end": 1556866513000,
    "id": "loitering-3024",
    "loitering": Object {
      "averageDistanceFromShoreKm": 0,
      "averageSpeedKnots": 0.012823472199925901,
      "totalDistanceKm": 0.11868597989502817,
      "totalTimeHours": 4.997499999999999,
    },
    "position": Object {
      "lat": 68.57453666665,
      "lon": 14.95843333335,
    },
    "regionDescription": "Norwegian EEZ",
    "regions": Object {
      "ames": Array [],
      "arg": Array [],
      "eez": Array [
        "5686",
      ],
      "fao": Array [
        "27.2.a",
        "27.2.a.2",
        "27.2",
        "27",
      ],
      "hsp": Array [],
      "kkp": Array [],
      "majorFao": Array [
        "27",
      ],
      "mpant": Array [],
      "mparu": Array [],
      "mregion": Array [
        "33",
      ],
      "ocean": Array [
        "atlantic",
      ],
      "other": Array [],
      "rfmo": Array [
        "ICCAT",
        "ICES",
        "IWC",
        "NASCO",
        "ACAP",
        "NAMMCO",
      ],
      "vme": Array [],
    },
    "start": 1556848522000,
    "type": "loitering",
    "vessel": Object {
      "id": "fbd0ce041-1286-bbcc-e9d8-0e0247265d9d",
      "name": "INTER NORD",
      "nextPort": null,
      "ssvid": "259078000",
    },
  },
  Object {
    "boundingBox": Array [
      15.4346933333,
      68.4103466667,
      15.4346916667,
      68.4103866667,
    ],
    "color": "#cfa9f9",
    "description": "Loitering in Norwegian EEZ",
    "descriptionGeneric": "Loitering",
    "distances": Object {
      "endDistanceFromPortKm": 11.860998,
      "endDistanceFromShoreKm": 0,
      "startDistanceFromPortKm": 11.860998,
      "startDistanceFromShoreKm": 0,
    },
    "durationDescription": "1h 58m",
    "end": 1556830503000,
    "id": "loitering-3023",
    "loitering": Object {
      "averageDistanceFromShoreKm": 0,
      "averageSpeedKnots": 0,
      "totalDistanceKm": 0,
      "totalTimeHours": 1.9630555555555558,
    },
    "position": Object {
      "lat": 68.4103666667,
      "lon": 15.4346925,
    },
    "regionDescription": "Norwegian EEZ",
    "regions": Object {
      "ames": Array [],
      "arg": Array [],
      "eez": Array [
        "5686",
      ],
      "fao": Array [
        "27.2.a",
        "27.2.a.2",
        "27.2",
        "27",
      ],
      "hsp": Array [],
      "kkp": Array [],
      "majorFao": Array [
        "27",
      ],
      "mpant": Array [],
      "mparu": Array [],
      "mregion": Array [],
      "ocean": Array [],
      "other": Array [],
      "rfmo": Array [
        "ICCAT",
        "ICES",
        "IWC",
        "NASCO",
        "ACAP",
        "NAMMCO",
      ],
      "vme": Array [],
    },
    "start": 1556823436000,
    "type": "loitering",
    "vessel": Object {
      "id": "fbd0ce041-1286-bbcc-e9d8-0e0247265d9d",
      "name": "INTER NORD",
      "nextPort": null,
      "ssvid": "259078000",
    },
  },
  Object {
    "boundingBox": Array [
      14.9806433333,
      68.573985,
      14.960125,
      68.5745283333,
    ],
    "color": "#cfa9f9",
    "description": "Loitering in Norwegian EEZ",
    "descriptionGeneric": "Loitering",
    "distances": Object {
      "endDistanceFromPortKm": 0,
      "endDistanceFromShoreKm": 0,
      "startDistanceFromPortKm": 0.8125330000000001,
      "startDistanceFromShoreKm": 0,
    },
    "durationDescription": "2h 1m",
    "end": 1556805473000,
    "id": "loitering-3022",
    "loitering": Object {
      "averageDistanceFromShoreKm": 0.056181318681318676,
      "averageSpeedKnots": 0.27357115493028067,
      "totalDistanceKm": 1.0175296726861838,
      "totalTimeHours": 2.0083333333333337,
    },
    "position": Object {
      "lat": 68.57425666665,
      "lon": 14.97038416665,
    },
    "regionDescription": "Norwegian EEZ",
    "regions": Object {
      "ames": Array [],
      "arg": Array [],
      "eez": Array [
        "5686",
      ],
      "fao": Array [
        "27.2.a",
        "27.2.a.2",
        "27.2",
        "27",
      ],
      "hsp": Array [],
      "kkp": Array [],
      "majorFao": Array [
        "27",
      ],
      "mpant": Array [],
      "mparu": Array [],
      "mregion": Array [
        "33",
      ],
      "ocean": Array [
        "atlantic",
      ],
      "other": Array [],
      "rfmo": Array [
        "ICCAT",
        "ICES",
        "IWC",
        "NASCO",
        "ACAP",
        "NAMMCO",
      ],
      "vme": Array [],
    },
    "start": 1556798243000,
    "type": "loitering",
    "vessel": Object {
      "id": "fbd0ce041-1286-bbcc-e9d8-0e0247265d9d",
      "name": "INTER NORD",
      "nextPort": null,
      "ssvid": "259078000",
    },
  },
  Object {
    "boundingBox": Array [
      15.40676,
      68.4070366667,
      15.431645,
      68.4113683333,
    ],
    "color": "#cfa9f9",
    "description": "Loitering in Norwegian EEZ",
    "descriptionGeneric": "Loitering",
    "distances": Object {
      "endDistanceFromPortKm": 11.860998,
      "endDistanceFromShoreKm": 0,
      "startDistanceFromPortKm": 11.194754999999999,
      "startDistanceFromShoreKm": 1,
    },
    "durationDescription": "2h 1m",
    "end": 1556783882000,
    "id": "loitering-3021",
    "loitering": Object {
      "averageDistanceFromShoreKm": 0.028133333333333337,
      "averageSpeedKnots": 0.36905420133382727,
      "totalDistanceKm": 1.3838741133786774,
      "totalTimeHours": 2.024722222222222,
    },
    "position": Object {
      "lat": 68.40920249999999,
      "lon": 15.4192025,
    },
    "regionDescription": "Norwegian EEZ",
    "regions": Object {
      "ames": Array [],
      "arg": Array [],
      "eez": Array [
        "5686",
      ],
      "fao": Array [
        "27.2.a",
        "27.2.a.2",
        "27.2",
        "27",
      ],
      "hsp": Array [],
      "kkp": Array [],
      "majorFao": Array [
        "27",
      ],
      "mpant": Array [],
      "mparu": Array [],
      "mregion": Array [],
      "ocean": Array [],
      "other": Array [],
      "rfmo": Array [
        "ICCAT",
        "ICES",
        "IWC",
        "NASCO",
        "ACAP",
        "NAMMCO",
      ],
      "vme": Array [],
    },
    "start": 1556776593000,
    "type": "loitering",
    "vessel": Object {
      "id": "fbd0ce041-1286-bbcc-e9d8-0e0247265d9d",
      "name": "INTER NORD",
      "nextPort": null,
      "ssvid": "259078000",
    },
  },
  Object {
    "boundingBox": Array [
      14.959975,
      68.5745516667,
      14.959915,
      68.5745266667,
    ],
    "color": "#cfa9f9",
    "description": "Loitering in Norwegian EEZ",
    "descriptionGeneric": "Loitering",
    "distances": Object {
      "endDistanceFromPortKm": 0,
      "endDistanceFromShoreKm": 0,
      "startDistanceFromPortKm": 0,
      "startDistanceFromShoreKm": 0,
    },
    "durationDescription": "7h 2m",
    "end": 1556762252000,
    "id": "loitering-3020",
    "loitering": Object {
      "averageDistanceFromShoreKm": 0,
      "averageSpeedKnots": 0,
      "totalDistanceKm": 0,
      "totalTimeHours": 7.041388888888889,
    },
    "position": Object {
      "lat": 68.57453916669999,
      "lon": 14.959945000000001,
    },
    "regionDescription": "Norwegian EEZ",
    "regions": Object {
      "ames": Array [],
      "arg": Array [],
      "eez": Array [
        "5686",
      ],
      "fao": Array [
        "27.2.a",
        "27.2.a.2",
        "27.2",
        "27",
      ],
      "hsp": Array [],
      "kkp": Array [],
      "majorFao": Array [
        "27",
      ],
      "mpant": Array [],
      "mparu": Array [],
      "mregion": Array [
        "33",
      ],
      "ocean": Array [
        "atlantic",
      ],
      "other": Array [],
      "rfmo": Array [
        "ICCAT",
        "ICES",
        "IWC",
        "NASCO",
        "ACAP",
        "NAMMCO",
      ],
      "vme": Array [],
    },
    "start": 1556736903000,
    "type": "loitering",
    "vessel": Object {
      "id": "fbd0ce041-1286-bbcc-e9d8-0e0247265d9d",
      "name": "INTER NORD",
      "nextPort": null,
      "ssvid": "259078000",
    },
  },
  Object {
    "boundingBox": Array [
      14.6418733333,
      68.78387,
      14.6424233333,
      68.7838416667,
    ],
    "color": "#cfa9f9",
    "description": "Loitering in Norwegian EEZ",
    "descriptionGeneric": "Loitering",
    "distances": Object {
      "endDistanceFromPortKm": 0.40247000000000005,
      "endDistanceFromShoreKm": 0,
      "startDistanceFromPortKm": 0.40247000000000005,
      "startDistanceFromShoreKm": 0,
    },
    "durationDescription": " 53m",
    "end": 1556722332000,
    "id": "loitering-3019",
    "loitering": Object {
      "averageDistanceFromShoreKm": 0,
      "averageSpeedKnots": 0.015087015602620267,
      "totalDistanceKm": 0.024681351724846583,
      "totalTimeHours": 0.8833333333333333,
    },
    "position": Object {
      "lat": 68.78385583335,
      "lon": 14.6421483333,
    },
    "regionDescription": "Norwegian EEZ",
    "regions": Object {
      "ames": Array [],
      "arg": Array [],
      "eez": Array [
        "5686",
      ],
      "fao": Array [],
      "hsp": Array [],
      "kkp": Array [],
      "majorFao": Array [],
      "mpant": Array [],
      "mparu": Array [],
      "mregion": Array [],
      "ocean": Array [],
      "other": Array [],
      "rfmo": Array [],
      "vme": Array [],
    },
    "start": 1556719152000,
    "type": "loitering",
    "vessel": Object {
      "id": "fbd0ce041-1286-bbcc-e9d8-0e0247265d9d",
      "name": "INTER NORD",
      "nextPort": null,
      "ssvid": "259078000",
    },
  },
  Object {
    "boundingBox": Array [
      14.7309033333,
      68.647355,
      14.72158,
      68.6386883333,
    ],
    "color": "#cfa9f9",
    "description": "Loitering in Norwegian EEZ",
    "descriptionGeneric": "Loitering",
    "distances": Object {
      "endDistanceFromPortKm": 10.953699,
      "endDistanceFromShoreKm": 2,
      "startDistanceFromPortKm": 11.507314000000001,
      "startDistanceFromShoreKm": 1,
    },
    "durationDescription": "2h 1m",
    "end": 1556704691000,
    "id": "loitering-3018",
    "loitering": Object {
      "averageDistanceFromShoreKm": 1.0335180786487208,
      "averageSpeedKnots": 0.8244292412367381,
      "totalDistanceKm": 3.0829503995073106,
      "totalTimeHours": 2.019166666666666,
    },
    "position": Object {
      "lat": 68.64302166665,
      "lon": 14.726241666650001,
    },
    "regionDescription": "Norwegian EEZ",
    "regions": Object {
      "ames": Array [],
      "arg": Array [],
      "eez": Array [
        "5686",
      ],
      "fao": Array [
        "27.2.a",
        "27.2.a.2",
        "27.2",
        "27",
      ],
      "hsp": Array [],
      "kkp": Array [],
      "majorFao": Array [
        "27",
      ],
      "mpant": Array [],
      "mparu": Array [],
      "mregion": Array [
        "33",
      ],
      "ocean": Array [
        "atlantic",
      ],
      "other": Array [],
      "rfmo": Array [
        "ICCAT",
        "ICES",
        "IWC",
        "NASCO",
        "ACAP",
        "NAMMCO",
      ],
      "vme": Array [],
    },
    "start": 1556697422000,
    "type": "loitering",
    "vessel": Object {
      "id": "fbd0ce041-1286-bbcc-e9d8-0e0247265d9d",
      "name": "INTER NORD",
      "nextPort": null,
      "ssvid": "259078000",
    },
  },
  Object {
    "boundingBox": Array [
      14.9597333333,
      68.5745066667,
      14.9597183333,
      68.57465,
    ],
    "color": "#cfa9f9",
    "description": "Loitering in Norwegian EEZ",
    "descriptionGeneric": "Loitering",
    "distances": Object {
      "endDistanceFromPortKm": 0,
      "endDistanceFromShoreKm": 0,
      "startDistanceFromPortKm": 0,
      "startDistanceFromShoreKm": 0,
    },
    "durationDescription": "2h 51m",
    "end": 1556693403000,
    "id": "loitering-3017",
    "loitering": Object {
      "averageDistanceFromShoreKm": 0,
      "averageSpeedKnots": 0.0029832427566284327,
      "totalDistanceKm": 0.01575382548134908,
      "totalTimeHours": 2.851388888888889,
    },
    "position": Object {
      "lat": 68.57457833335,
      "lon": 14.9597258333,
    },
    "regionDescription": "Norwegian EEZ",
    "regions": Object {
      "ames": Array [],
      "arg": Array [],
      "eez": Array [
        "5686",
      ],
      "fao": Array [
        "27.2.a",
        "27.2.a.2",
        "27.2",
        "27",
      ],
      "hsp": Array [],
      "kkp": Array [],
      "majorFao": Array [
        "27",
      ],
      "mpant": Array [],
      "mparu": Array [],
      "mregion": Array [
        "33",
      ],
      "ocean": Array [
        "atlantic",
      ],
      "other": Array [],
      "rfmo": Array [
        "ICCAT",
        "ICES",
        "IWC",
        "NASCO",
        "ACAP",
        "NAMMCO",
      ],
      "vme": Array [],
    },
    "start": 1556683138000,
    "type": "loitering",
    "vessel": Object {
      "id": "fbd0ce041-1286-bbcc-e9d8-0e0247265d9d",
      "name": "INTER NORD",
      "nextPort": null,
      "ssvid": "259078000",
    },
  },
  Object {
    "boundingBox": Array [
      15.097755,
      68.5695933333,
      15.1224316667,
      68.5644766667,
    ],
    "color": "#cfa9f9",
    "description": "Loitering in Norwegian EEZ",
    "descriptionGeneric": "Loitering",
    "distances": Object {
      "endDistanceFromPortKm": 5.580648,
      "endDistanceFromShoreKm": 2,
      "startDistanceFromPortKm": 5.687729999999999,
      "startDistanceFromShoreKm": 2,
    },
    "durationDescription": "1h 3m",
    "end": 1556679572000,
    "id": "loitering-3016",
    "loitering": Object {
      "averageDistanceFromShoreKm": 2.0000000000000004,
      "averageSpeedKnots": 0.6074101157070055,
      "totalDistanceKm": 1.178044923408595,
      "totalTimeHours": 1.0472222222222223,
    },
    "position": Object {
      "lat": 68.567035,
      "lon": 15.110093333350001,
    },
    "regionDescription": "Norwegian EEZ",
    "regions": Object {
      "ames": Array [],
      "arg": Array [],
      "eez": Array [
        "5686",
      ],
      "fao": Array [
        "27.2.a",
        "27.2.a.2",
        "27.2",
        "27",
      ],
      "hsp": Array [],
      "kkp": Array [],
      "majorFao": Array [
        "27",
      ],
      "mpant": Array [],
      "mparu": Array [],
      "mregion": Array [
        "33",
      ],
      "ocean": Array [
        "atlantic",
      ],
      "other": Array [],
      "rfmo": Array [
        "ICCAT",
        "ICES",
        "IWC",
        "NASCO",
        "ACAP",
        "NAMMCO",
      ],
      "vme": Array [],
    },
    "start": 1556675802000,
    "type": "loitering",
    "vessel": Object {
      "id": "fbd0ce041-1286-bbcc-e9d8-0e0247265d9d",
      "name": "INTER NORD",
      "nextPort": null,
      "ssvid": "259078000",
    },
  },
  Object {
    "boundingBox": Array [
      15.020155,
      68.5680783333,
      14.9725433333,
      68.5740166667,
    ],
    "color": "#cfa9f9",
    "description": "Loitering in Norwegian EEZ",
    "descriptionGeneric": "Loitering",
    "distances": Object {
      "endDistanceFromPortKm": 0.406266,
      "endDistanceFromShoreKm": 0,
      "startDistanceFromPortKm": 2.437599,
      "startDistanceFromShoreKm": 1,
    },
    "durationDescription": "1h 59m",
    "end": 1556672273000,
    "id": "loitering-3015",
    "loitering": Object {
      "averageDistanceFromShoreKm": 0.06438578790038266,
      "averageSpeedKnots": 0.8629864137569604,
      "totalDistanceKm": 3.1698641625844832,
      "totalTimeHours": 1.9833333333333332,
    },
    "position": Object {
      "lat": 68.57104749999999,
      "lon": 14.99634916665,
    },
    "regionDescription": "Norwegian EEZ",
    "regions": Object {
      "ames": Array [],
      "arg": Array [],
      "eez": Array [
        "5686",
      ],
      "fao": Array [
        "27.2.a",
        "27.2.a.2",
        "27.2",
        "27",
      ],
      "hsp": Array [],
      "kkp": Array [],
      "majorFao": Array [
        "27",
      ],
      "mpant": Array [],
      "mparu": Array [],
      "mregion": Array [
        "33",
      ],
      "ocean": Array [
        "atlantic",
      ],
      "other": Array [],
      "rfmo": Array [
        "ICCAT",
        "ICES",
        "IWC",
        "NASCO",
        "ACAP",
        "NAMMCO",
      ],
      "vme": Array [],
    },
    "start": 1556665133000,
    "type": "loitering",
    "vessel": Object {
      "id": "fbd0ce041-1286-bbcc-e9d8-0e0247265d9d",
      "name": "INTER NORD",
      "nextPort": null,
      "ssvid": "259078000",
    },
  },
  Object {
    "boundingBox": Array [
      13.7381616667,
      68.0910933333,
      13.73917,
      68.0910083333,
    ],
    "color": "#cfa9f9",
    "description": "Loitering in Norwegian EEZ",
    "descriptionGeneric": "Loitering",
    "distances": Object {
      "endDistanceFromPortKm": 4.296517,
      "endDistanceFromShoreKm": 2,
      "startDistanceFromPortKm": 4.296517,
      "startDistanceFromShoreKm": 2,
    },
    "durationDescription": "2h 5m",
    "end": 1556643582000,
    "id": "loitering-3014",
    "loitering": Object {
      "averageDistanceFromShoreKm": 2.0000000000000004,
      "averageSpeedKnots": 0.019454810024512152,
      "totalDistanceKm": 0.07486297363254607,
      "totalTimeHours": 2.0777777777777775,
    },
    "position": Object {
      "lat": 68.09105083329999,
      "lon": 13.73866583335,
    },
    "regionDescription": "Norwegian EEZ",
    "regions": Object {
      "ames": Array [],
      "arg": Array [],
      "eez": Array [
        "5686",
      ],
      "fao": Array [],
      "hsp": Array [],
      "kkp": Array [],
      "majorFao": Array [],
      "mpant": Array [],
      "mparu": Array [],
      "mregion": Array [
        "141",
      ],
      "ocean": Array [
        "atlantic",
      ],
      "other": Array [],
      "rfmo": Array [],
      "vme": Array [],
    },
    "start": 1556636102000,
    "type": "loitering",
    "vessel": Object {
      "id": "fbd0ce041-1286-bbcc-e9d8-0e0247265d9d",
      "name": "INTER NORD",
      "nextPort": null,
      "ssvid": "259078000",
    },
  },
  Object {
    "boundingBox": Array [
      14.9639583333,
      68.573825,
      14.9619916667,
      68.5751883333,
    ],
    "color": "#cfa9f9",
    "description": "Loitering in Norwegian EEZ",
    "descriptionGeneric": "Loitering",
    "distances": Object {
      "endDistanceFromPortKm": 1.111949,
      "endDistanceFromShoreKm": 1,
      "startDistanceFromPortKm": 0,
      "startDistanceFromShoreKm": 0,
    },
    "durationDescription": " 57m",
    "end": 1556607342000,
    "id": "loitering-3013",
    "loitering": Object {
      "averageDistanceFromShoreKm": 0.07122260668973474,
      "averageSpeedKnots": 0.31675537464629827,
      "totalDistanceKm": 0.557951218323636,
      "totalTimeHours": 0.9511111111111111,
    },
    "position": Object {
      "lat": 68.57450666665,
      "lon": 14.962975,
    },
    "regionDescription": "Norwegian EEZ",
    "regions": Object {
      "ames": Array [],
      "arg": Array [],
      "eez": Array [
        "5686",
      ],
      "fao": Array [
        "27.2.a",
        "27.2.a.2",
        "27.2",
        "27",
      ],
      "hsp": Array [],
      "kkp": Array [],
      "majorFao": Array [
        "27",
      ],
      "mpant": Array [],
      "mparu": Array [],
      "mregion": Array [
        "33",
      ],
      "ocean": Array [
        "atlantic",
      ],
      "other": Array [],
      "rfmo": Array [
        "ICCAT",
        "ICES",
        "IWC",
        "NASCO",
        "ACAP",
        "NAMMCO",
      ],
      "vme": Array [],
    },
    "start": 1556603918000,
    "type": "loitering",
    "vessel": Object {
      "id": "fbd0ce041-1286-bbcc-e9d8-0e0247265d9d",
      "name": "INTER NORD",
      "nextPort": null,
      "ssvid": "259078000",
    },
  },
  Object {
    "boundingBox": Array [
      14.70808,
      68.5838666667,
      14.708215,
      68.5838983333,
    ],
    "color": "#cfa9f9",
    "description": "Loitering in Norwegian EEZ",
    "descriptionGeneric": "Loitering",
    "distances": Object {
      "endDistanceFromPortKm": 8.199269000000001,
      "endDistanceFromShoreKm": 0,
      "startDistanceFromPortKm": 8.199269000000001,
      "startDistanceFromShoreKm": 0,
    },
    "durationDescription": " 53m",
    "end": 1556599912000,
    "id": "loitering-3012",
    "loitering": Object {
      "averageDistanceFromShoreKm": 0,
      "averageSpeedKnots": 0.0039617321454547515,
      "totalDistanceKm": 0.006470939219024581,
      "totalTimeHours": 0.8819444444444445,
    },
    "position": Object {
      "lat": 68.5838825,
      "lon": 14.708147499999999,
    },
    "regionDescription": "Norwegian EEZ",
    "regions": Object {
      "ames": Array [],
      "arg": Array [],
      "eez": Array [
        "5686",
      ],
      "fao": Array [
        "27.2.a",
        "27.2.a.2",
        "27.2",
        "27",
      ],
      "hsp": Array [],
      "kkp": Array [],
      "majorFao": Array [
        "27",
      ],
      "mpant": Array [],
      "mparu": Array [],
      "mregion": Array [
        "33",
      ],
      "ocean": Array [
        "atlantic",
      ],
      "other": Array [],
      "rfmo": Array [
        "ICCAT",
        "ICES",
        "IWC",
        "NASCO",
        "ACAP",
        "NAMMCO",
      ],
      "vme": Array [],
    },
    "start": 1556596737000,
    "type": "loitering",
    "vessel": Object {
      "id": "fbd0ce041-1286-bbcc-e9d8-0e0247265d9d",
      "name": "INTER NORD",
      "nextPort": null,
      "ssvid": "259078000",
    },
  },
  Object {
    "boundingBox": Array [
      14.9599533333,
      68.5745316667,
      14.9599416667,
      68.57453,
    ],
    "color": "#cfa9f9",
    "description": "Loitering in Norwegian EEZ",
    "descriptionGeneric": "Loitering",
    "distances": Object {
      "endDistanceFromPortKm": 0,
      "endDistanceFromShoreKm": 0,
      "startDistanceFromPortKm": 0,
      "startDistanceFromShoreKm": 0,
    },
    "durationDescription": "7h 54m",
    "end": 1556592563000,
    "id": "loitering-3011",
    "loitering": Object {
      "averageDistanceFromShoreKm": 0,
      "averageSpeedKnots": 0,
      "totalDistanceKm": 0,
      "totalTimeHours": 7.905833333333333,
    },
    "position": Object {
      "lat": 68.57453083335,
      "lon": 14.9599475,
    },
    "regionDescription": "Norwegian EEZ",
    "regions": Object {
      "ames": Array [],
      "arg": Array [],
      "eez": Array [
        "5686",
      ],
      "fao": Array [
        "27.2.a",
        "27.2.a.2",
        "27.2",
        "27",
      ],
      "hsp": Array [],
      "kkp": Array [],
      "majorFao": Array [
        "27",
      ],
      "mpant": Array [],
      "mparu": Array [],
      "mregion": Array [
        "33",
      ],
      "ocean": Array [
        "atlantic",
      ],
      "other": Array [],
      "rfmo": Array [
        "ICCAT",
        "ICES",
        "IWC",
        "NASCO",
        "ACAP",
        "NAMMCO",
      ],
      "vme": Array [],
    },
    "start": 1556564102000,
    "type": "loitering",
    "vessel": Object {
      "id": "fbd0ce041-1286-bbcc-e9d8-0e0247265d9d",
      "name": "INTER NORD",
      "nextPort": null,
      "ssvid": "259078000",
    },
  },
  Object {
    "boundingBox": Array [
      15.0751466667,
      68.5592266667,
      15.0524333333,
      68.5591833333,
    ],
    "color": "#cfa9f9",
    "description": "Loitering in Norwegian EEZ",
    "descriptionGeneric": "Loitering",
    "distances": Object {
      "endDistanceFromPortKm": 3.8225149999999997,
      "endDistanceFromShoreKm": 2,
      "startDistanceFromPortKm": 5.001455,
      "startDistanceFromShoreKm": 2,
    },
    "durationDescription": " 60m",
    "end": 1556557002000,
    "id": "loitering-3010",
    "loitering": Object {
      "averageDistanceFromShoreKm": 2.224588837961714,
      "averageSpeedKnots": 1.5962618707963188,
      "totalDistanceKm": 2.93903203563728,
      "totalTimeHours": 0.9941666666666666,
    },
    "position": Object {
      "lat": 68.55920499999999,
      "lon": 15.063790000000001,
    },
    "regionDescription": "Norwegian EEZ",
    "regions": Object {
      "ames": Array [],
      "arg": Array [],
      "eez": Array [
        "5686",
      ],
      "fao": Array [
        "27.2.a",
        "27.2.a.2",
        "27.2",
        "27",
      ],
      "hsp": Array [],
      "kkp": Array [],
      "majorFao": Array [
        "27",
      ],
      "mpant": Array [],
      "mparu": Array [],
      "mregion": Array [
        "33",
      ],
      "ocean": Array [
        "atlantic",
      ],
      "other": Array [],
      "rfmo": Array [
        "ICCAT",
        "ICES",
        "IWC",
        "NASCO",
        "ACAP",
        "NAMMCO",
      ],
      "vme": Array [],
    },
    "start": 1556553423000,
    "type": "loitering",
    "vessel": Object {
      "id": "fbd0ce041-1286-bbcc-e9d8-0e0247265d9d",
      "name": "INTER NORD",
      "nextPort": null,
      "ssvid": "259078000",
    },
  },
  Object {
    "boundingBox": Array [
      14.9667933333,
      68.5737933333,
      14.9588833333,
      68.5739116667,
    ],
    "color": "#cfa9f9",
    "description": "Loitering in Norwegian EEZ",
    "descriptionGeneric": "Loitering",
    "distances": Object {
      "endDistanceFromPortKm": 0,
      "endDistanceFromShoreKm": 0,
      "startDistanceFromPortKm": 0.406266,
      "startDistanceFromShoreKm": 0,
    },
    "durationDescription": "1h 58m",
    "end": 1556549813000,
    "id": "loitering-3009",
    "loitering": Object {
      "averageDistanceFromShoreKm": 0,
      "averageSpeedKnots": 0.0885241085680182,
      "totalDistanceKm": 0.3219730024751517,
      "totalTimeHours": 1.963888888888889,
    },
    "position": Object {
      "lat": 68.5738525,
      "lon": 14.962838333299999,
    },
    "regionDescription": "Norwegian EEZ",
    "regions": Object {
      "ames": Array [],
      "arg": Array [],
      "eez": Array [
        "5686",
      ],
      "fao": Array [
        "27.2.a",
        "27.2.a.2",
        "27.2",
        "27",
      ],
      "hsp": Array [],
      "kkp": Array [],
      "majorFao": Array [
        "27",
      ],
      "mpant": Array [],
      "mparu": Array [],
      "mregion": Array [
        "33",
      ],
      "ocean": Array [
        "atlantic",
      ],
      "other": Array [],
      "rfmo": Array [
        "ICCAT",
        "ICES",
        "IWC",
        "NASCO",
        "ACAP",
        "NAMMCO",
      ],
      "vme": Array [],
    },
    "start": 1556542743000,
    "type": "loitering",
    "vessel": Object {
      "id": "fbd0ce041-1286-bbcc-e9d8-0e0247265d9d",
      "name": "INTER NORD",
      "nextPort": null,
      "ssvid": "259078000",
    },
  },
  Object {
    "boundingBox": Array [
      15.4328983333,
      68.4102883333,
      15.43291,
      68.41028,
    ],
    "color": "#cfa9f9",
    "description": "Loitering in Norwegian EEZ",
    "descriptionGeneric": "Loitering",
    "distances": Object {
      "endDistanceFromPortKm": 11.860998,
      "endDistanceFromShoreKm": 0,
      "startDistanceFromPortKm": 11.860998,
      "startDistanceFromShoreKm": 0,
    },
    "durationDescription": "1h 59m",
    "end": 1556524703000,
    "id": "loitering-3008",
    "loitering": Object {
      "averageDistanceFromShoreKm": 0,
      "averageSpeedKnots": 0,
      "totalDistanceKm": 0,
      "totalTimeHours": 1.9836111111111112,
    },
    "position": Object {
      "lat": 68.41028416665,
      "lon": 15.432904166650001,
    },
    "regionDescription": "Norwegian EEZ",
    "regions": Object {
      "ames": Array [],
      "arg": Array [],
      "eez": Array [
        "5686",
      ],
      "fao": Array [
        "27.2.a",
        "27.2.a.2",
        "27.2",
        "27",
      ],
      "hsp": Array [],
      "kkp": Array [],
      "majorFao": Array [
        "27",
      ],
      "mpant": Array [],
      "mparu": Array [],
      "mregion": Array [],
      "ocean": Array [],
      "other": Array [],
      "rfmo": Array [
        "ICCAT",
        "ICES",
        "IWC",
        "NASCO",
        "ACAP",
        "NAMMCO",
      ],
      "vme": Array [],
    },
    "start": 1556517562000,
    "type": "loitering",
    "vessel": Object {
      "id": "fbd0ce041-1286-bbcc-e9d8-0e0247265d9d",
      "name": "INTER NORD",
      "nextPort": null,
      "ssvid": "259078000",
    },
  },
  Object {
    "boundingBox": Array [
      15.052815,
      68.5712016667,
      14.95674,
      68.5745,
    ],
    "color": "#cfa9f9",
    "description": "Loitering in Norwegian EEZ",
    "descriptionGeneric": "Loitering",
    "distances": Object {
      "endDistanceFromPortKm": 0,
      "endDistanceFromShoreKm": 0,
      "startDistanceFromPortKm": 3.6563980000000003,
      "startDistanceFromShoreKm": 1,
    },
    "durationDescription": "7h 2m",
    "end": 1556503123000,
    "id": "loitering-3007",
    "loitering": Object {
      "averageDistanceFromShoreKm": 0.036278900922813676,
      "averageSpeedKnots": 0.30515145763520185,
      "totalDistanceKm": 3.9749784969061985,
      "totalTimeHours": 7.033611111111112,
    },
    "position": Object {
      "lat": 68.57285083335,
      "lon": 15.0047775,
    },
    "regionDescription": "Norwegian EEZ",
    "regions": Object {
      "ames": Array [],
      "arg": Array [],
      "eez": Array [
        "5686",
      ],
      "fao": Array [
        "27.2.a",
        "27.2.a.2",
        "27.2",
        "27",
      ],
      "hsp": Array [],
      "kkp": Array [],
      "majorFao": Array [
        "27",
      ],
      "mpant": Array [],
      "mparu": Array [],
      "mregion": Array [
        "33",
      ],
      "ocean": Array [
        "atlantic",
      ],
      "other": Array [],
      "rfmo": Array [
        "ICCAT",
        "ICES",
        "IWC",
        "NASCO",
        "ACAP",
        "NAMMCO",
      ],
      "vme": Array [],
    },
    "start": 1556477802000,
    "type": "loitering",
    "vessel": Object {
      "id": "fbd0ce041-1286-bbcc-e9d8-0e0247265d9d",
      "name": "INTER NORD",
      "nextPort": null,
      "ssvid": "259078000",
    },
  },
  Object {
    "boundingBox": Array [
      15.0634883333,
      68.5686066667,
      15.135245,
      68.573265,
    ],
    "color": "#cfa9f9",
    "description": "Loitering in Norwegian EEZ",
    "descriptionGeneric": "Loitering",
    "distances": Object {
      "endDistanceFromPortKm": 5.759854000000001,
      "endDistanceFromShoreKm": 2,
      "startDistanceFromPortKm": 4.062665,
      "startDistanceFromShoreKm": 1,
    },
    "durationDescription": "1h 1m",
    "end": 1556474233000,
    "id": "loitering-3006",
    "loitering": Object {
      "averageDistanceFromShoreKm": 1.9175438596491232,
      "averageSpeedKnots": 1.7841471000658988,
      "totalDistanceKm": 3.3602289477077796,
      "totalTimeHours": 1.0169444444444444,
    },
    "position": Object {
      "lat": 68.57093583335,
      "lon": 15.099366666649999,
    },
    "regionDescription": "Norwegian EEZ",
    "regions": Object {
      "ames": Array [],
      "arg": Array [],
      "eez": Array [
        "5686",
      ],
      "fao": Array [
        "27.2.a",
        "27.2.a.2",
        "27.2",
        "27",
      ],
      "hsp": Array [],
      "kkp": Array [],
      "majorFao": Array [
        "27",
      ],
      "mpant": Array [],
      "mparu": Array [],
      "mregion": Array [
        "33",
      ],
      "ocean": Array [
        "atlantic",
      ],
      "other": Array [],
      "rfmo": Array [
        "ICCAT",
        "ICES",
        "IWC",
        "NASCO",
        "ACAP",
        "NAMMCO",
      ],
      "vme": Array [],
    },
    "start": 1556470572000,
    "type": "loitering",
    "vessel": Object {
      "id": "fbd0ce041-1286-bbcc-e9d8-0e0247265d9d",
      "name": "INTER NORD",
      "nextPort": null,
      "ssvid": "259078000",
    },
  },
  Object {
    "boundingBox": Array [
      14.9598133333,
      68.5738933333,
      14.95927,
      68.573905,
    ],
    "color": "#cfa9f9",
    "description": "Loitering in Norwegian EEZ",
    "descriptionGeneric": "Loitering",
    "distances": Object {
      "endDistanceFromPortKm": 0,
      "endDistanceFromShoreKm": 0,
      "startDistanceFromPortKm": 0,
      "startDistanceFromShoreKm": 0,
    },
    "durationDescription": "1h 57m",
    "end": 1556466902000,
    "id": "loitering-3005",
    "loitering": Object {
      "averageDistanceFromShoreKm": 0,
      "averageSpeedKnots": 0.006095906477940589,
      "totalDistanceKm": 0.022014756654434642,
      "totalTimeHours": 1.9499999999999997,
    },
    "position": Object {
      "lat": 68.57389916665,
      "lon": 14.95954166665,
    },
    "regionDescription": "Norwegian EEZ",
    "regions": Object {
      "ames": Array [],
      "arg": Array [],
      "eez": Array [
        "5686",
      ],
      "fao": Array [
        "27.2.a",
        "27.2.a.2",
        "27.2",
        "27",
      ],
      "hsp": Array [],
      "kkp": Array [],
      "majorFao": Array [
        "27",
      ],
      "mpant": Array [],
      "mparu": Array [],
      "mregion": Array [
        "33",
      ],
      "ocean": Array [
        "atlantic",
      ],
      "other": Array [],
      "rfmo": Array [
        "ICCAT",
        "ICES",
        "IWC",
        "NASCO",
        "ACAP",
        "NAMMCO",
      ],
      "vme": Array [],
    },
    "start": 1556459882000,
    "type": "loitering",
    "vessel": Object {
      "id": "fbd0ce041-1286-bbcc-e9d8-0e0247265d9d",
      "name": "INTER NORD",
      "nextPort": null,
      "ssvid": "259078000",
    },
  },
  Object {
    "boundingBox": Array [
      15.4069783333,
      68.4048883333,
      15.3826716667,
      68.400135,
    ],
    "color": "#cfa9f9",
    "description": "Loitering in Norwegian EEZ",
    "descriptionGeneric": "Loitering",
    "distances": Object {
      "endDistanceFromPortKm": 10.994819,
      "endDistanceFromShoreKm": 1,
      "startDistanceFromPortKm": 11.89251,
      "startDistanceFromShoreKm": 0,
    },
    "durationDescription": "4h 7m",
    "end": 1556441873000,
    "id": "loitering-3004",
    "loitering": Object {
      "averageDistanceFromShoreKm": 0.10259999999999997,
      "averageSpeedKnots": 0.5470109963284537,
      "totalDistanceKm": 4.162006100364552,
      "totalTimeHours": 4.108333333333334,
    },
    "position": Object {
      "lat": 68.40251166665,
      "lon": 15.394825,
    },
    "regionDescription": "Norwegian EEZ",
    "regions": Object {
      "ames": Array [],
      "arg": Array [],
      "eez": Array [
        "5686",
      ],
      "fao": Array [
        "27.2.a",
        "27.2.a.2",
        "27.2",
        "27",
      ],
      "hsp": Array [],
      "kkp": Array [],
      "majorFao": Array [
        "27",
      ],
      "mpant": Array [],
      "mparu": Array [],
      "mregion": Array [],
      "ocean": Array [],
      "other": Array [],
      "rfmo": Array [
        "ICCAT",
        "ICES",
        "IWC",
        "NASCO",
        "ACAP",
        "NAMMCO",
      ],
      "vme": Array [],
    },
    "start": 1556427083000,
    "type": "loitering",
    "vessel": Object {
      "id": "fbd0ce041-1286-bbcc-e9d8-0e0247265d9d",
      "name": "INTER NORD",
      "nextPort": null,
      "ssvid": "259078000",
    },
  },
  Object {
    "boundingBox": Array [
      14.9588883333,
      68.5739266667,
      15.0335616667,
      68.56086,
    ],
    "color": "#cfa9f9",
    "description": "Loitering in Norwegian EEZ",
    "descriptionGeneric": "Loitering",
    "distances": Object {
      "endDistanceFromPortKm": 3.054112,
      "endDistanceFromShoreKm": 1,
      "startDistanceFromPortKm": 0,
      "startDistanceFromShoreKm": 0,
    },
    "durationDescription": "1h 2m",
    "end": 1556405895000,
    "id": "loitering-3003",
    "loitering": Object {
      "averageDistanceFromShoreKm": 0.18624783576552062,
      "averageSpeedKnots": 1.8553552707469247,
      "totalDistanceKm": 3.5525641812270945,
      "totalTimeHours": 1.0338888888888889,
    },
    "position": Object {
      "lat": 68.56739333335,
      "lon": 14.996224999999999,
    },
    "regionDescription": "Norwegian EEZ",
    "regions": Object {
      "ames": Array [],
      "arg": Array [],
      "eez": Array [
        "5686",
      ],
      "fao": Array [
        "27.2.a",
        "27.2.a.2",
        "27.2",
        "27",
      ],
      "hsp": Array [],
      "kkp": Array [],
      "majorFao": Array [
        "27",
      ],
      "mpant": Array [],
      "mparu": Array [],
      "mregion": Array [
        "33",
      ],
      "ocean": Array [
        "atlantic",
      ],
      "other": Array [],
      "rfmo": Array [
        "ICCAT",
        "ICES",
        "IWC",
        "NASCO",
        "ACAP",
        "NAMMCO",
      ],
      "vme": Array [],
    },
    "start": 1556402173000,
    "type": "loitering",
    "vessel": Object {
      "id": "fbd0ce041-1286-bbcc-e9d8-0e0247265d9d",
      "name": "INTER NORD",
      "nextPort": null,
      "ssvid": "259078000",
    },
  },
  Object {
    "boundingBox": Array [
      16.02728,
      68.7192533333,
      16.0411366667,
      68.7248116667,
    ],
    "color": "#cfa9f9",
    "description": "Loitering in Norwegian EEZ",
    "descriptionGeneric": "Loitering",
    "distances": Object {
      "endDistanceFromPortKm": 17.384352,
      "endDistanceFromShoreKm": 0,
      "startDistanceFromPortKm": 17.611051,
      "startDistanceFromShoreKm": 1,
    },
    "durationDescription": "1h 59m",
    "end": 1556366292000,
    "id": "loitering-3002",
    "loitering": Object {
      "averageDistanceFromShoreKm": 0.055435952637244365,
      "averageSpeedKnots": 0.568510224815112,
      "totalDistanceKm": 2.0797323162330015,
      "totalTimeHours": 1.9752777777777777,
    },
    "position": Object {
      "lat": 68.72203250000001,
      "lon": 16.03420833335,
    },
    "regionDescription": "Norwegian EEZ",
    "regions": Object {
      "ames": Array [],
      "arg": Array [],
      "eez": Array [
        "5686",
      ],
      "fao": Array [
        "27.2.a",
        "27.2.a.2",
        "27.2",
        "27",
      ],
      "hsp": Array [],
      "kkp": Array [],
      "majorFao": Array [
        "27",
      ],
      "mpant": Array [],
      "mparu": Array [],
      "mregion": Array [
        "33",
      ],
      "ocean": Array [
        "atlantic",
      ],
      "other": Array [],
      "rfmo": Array [
        "ICCAT",
        "ICES",
        "IWC",
        "NASCO",
        "ACAP",
        "NAMMCO",
      ],
      "vme": Array [],
    },
    "start": 1556359181000,
    "type": "loitering",
    "vessel": Object {
      "id": "fbd0ce041-1286-bbcc-e9d8-0e0247265d9d",
      "name": "INTER NORD",
      "nextPort": null,
      "ssvid": "259078000",
    },
  },
  Object {
    "boundingBox": Array [
      14.95973,
      68.5745316667,
      14.9702916667,
      68.5741316667,
    ],
    "color": "#cfa9f9",
    "description": "Loitering in Norwegian EEZ",
    "descriptionGeneric": "Loitering",
    "distances": Object {
      "endDistanceFromPortKm": 0.406266,
      "endDistanceFromShoreKm": 0,
      "startDistanceFromPortKm": 0,
      "startDistanceFromShoreKm": 0,
    },
    "durationDescription": "6h 56m",
    "end": 1556333703000,
    "id": "loitering-3001",
    "loitering": Object {
      "averageDistanceFromShoreKm": 0,
      "averageSpeedKnots": 0.033955695905570855,
      "totalDistanceKm": 0.4355201321967684,
      "totalTimeHours": 6.925555555555553,
    },
    "position": Object {
      "lat": 68.5743316667,
      "lon": 14.96501083335,
    },
    "regionDescription": "Norwegian EEZ",
    "regions": Object {
      "ames": Array [],
      "arg": Array [],
      "eez": Array [
        "5686",
      ],
      "fao": Array [
        "27.2.a",
        "27.2.a.2",
        "27.2",
        "27",
      ],
      "hsp": Array [],
      "kkp": Array [],
      "majorFao": Array [
        "27",
      ],
      "mpant": Array [],
      "mparu": Array [],
      "mregion": Array [
        "33",
      ],
      "ocean": Array [
        "atlantic",
      ],
      "other": Array [],
      "rfmo": Array [
        "ICCAT",
        "ICES",
        "IWC",
        "NASCO",
        "ACAP",
        "NAMMCO",
      ],
      "vme": Array [],
    },
    "start": 1556308771000,
    "type": "loitering",
    "vessel": Object {
      "id": "fbd0ce041-1286-bbcc-e9d8-0e0247265d9d",
      "name": "INTER NORD",
      "nextPort": null,
      "ssvid": "259078000",
    },
  },
  Object {
    "boundingBox": Array [
      15.0172083333,
      68.699415,
      15.00166,
      68.6961266667,
    ],
    "color": "#cfa9f9",
    "description": "Loitering in Norwegian EEZ",
    "descriptionGeneric": "Loitering",
    "distances": Object {
      "endDistanceFromPortKm": 12.797120000000001,
      "endDistanceFromShoreKm": 1,
      "startDistanceFromPortKm": 12.114177,
      "startDistanceFromShoreKm": 1,
    },
    "durationDescription": "2h 2m",
    "end": 1556301432000,
    "id": "loitering-3000",
    "loitering": Object {
      "averageDistanceFromShoreKm": 1.0000000000000002,
      "averageSpeedKnots": 0.3688099359764842,
      "totalDistanceKm": 1.388839869571179,
      "totalTimeHours": 2.033333333333333,
    },
    "position": Object {
      "lat": 68.69777083335,
      "lon": 15.00943416665,
    },
    "regionDescription": "Norwegian EEZ",
    "regions": Object {
      "ames": Array [],
      "arg": Array [],
      "eez": Array [
        "5686",
      ],
      "fao": Array [
        "27.2.a",
        "27.2.a.2",
        "27.2",
        "27",
      ],
      "hsp": Array [],
      "kkp": Array [],
      "majorFao": Array [
        "27",
      ],
      "mpant": Array [],
      "mparu": Array [],
      "mregion": Array [],
      "ocean": Array [],
      "other": Array [],
      "rfmo": Array [
        "ICCAT",
        "ICES",
        "IWC",
        "NASCO",
        "ACAP",
        "NAMMCO",
      ],
      "vme": Array [],
    },
    "start": 1556294112000,
    "type": "loitering",
    "vessel": Object {
      "id": "fbd0ce041-1286-bbcc-e9d8-0e0247265d9d",
      "name": "INTER NORD",
      "nextPort": null,
      "ssvid": "259078000",
    },
  },
  Object {
    "boundingBox": Array [
      14.9209733333,
      68.5781183333,
      14.960135,
      68.574535,
    ],
    "color": "#cfa9f9",
    "description": "Loitering in Norwegian EEZ",
    "descriptionGeneric": "Loitering",
    "distances": Object {
      "endDistanceFromPortKm": 0,
      "endDistanceFromShoreKm": 0,
      "startDistanceFromPortKm": 1.1838119999999999,
      "startDistanceFromShoreKm": 1,
    },
    "durationDescription": "2h 57m",
    "end": 1556286992000,
    "id": "loitering-2999",
    "loitering": Object {
      "averageDistanceFromShoreKm": 0.05164845428224527,
      "averageSpeedKnots": 0.3172997847800315,
      "totalDistanceKm": 1.7376164719548115,
      "totalTimeHours": 2.956944444444444,
    },
    "position": Object {
      "lat": 68.57632666665,
      "lon": 14.94055416665,
    },
    "regionDescription": "Norwegian EEZ",
    "regions": Object {
      "ames": Array [],
      "arg": Array [],
      "eez": Array [
        "5686",
      ],
      "fao": Array [],
      "hsp": Array [],
      "kkp": Array [],
      "majorFao": Array [],
      "mpant": Array [],
      "mparu": Array [],
      "mregion": Array [
        "33",
      ],
      "ocean": Array [
        "atlantic",
      ],
      "other": Array [],
      "rfmo": Array [],
      "vme": Array [],
    },
    "start": 1556276347000,
    "type": "loitering",
    "vessel": Object {
      "id": "fbd0ce041-1286-bbcc-e9d8-0e0247265d9d",
      "name": "INTER NORD",
      "nextPort": null,
      "ssvid": "259078000",
    },
  },
  Object {
    "boundingBox": Array [
      15.021505,
      68.69907,
      15.01646,
      68.7030616667,
    ],
    "color": "#cfa9f9",
    "description": "Loitering in Norwegian EEZ",
    "descriptionGeneric": "Loitering",
    "distances": Object {
      "endDistanceFromPortKm": 12.114177,
      "endDistanceFromShoreKm": 1,
      "startDistanceFromPortKm": 12.114177,
      "startDistanceFromShoreKm": 1,
    },
    "durationDescription": "3h 3m",
    "end": 1556269142000,
    "id": "loitering-2998",
    "loitering": Object {
      "averageDistanceFromShoreKm": 1.0000000000000002,
      "averageSpeedKnots": 0.08990389870688045,
      "totalDistanceKm": 0.5087561734601579,
      "totalTimeHours": 3.055555555555555,
    },
    "position": Object {
      "lat": 68.70106583335,
      "lon": 15.0189825,
    },
    "regionDescription": "Norwegian EEZ",
    "regions": Object {
      "ames": Array [],
      "arg": Array [],
      "eez": Array [
        "5686",
      ],
      "fao": Array [
        "27.2.a",
        "27.2.a.2",
        "27.2",
        "27",
      ],
      "hsp": Array [],
      "kkp": Array [],
      "majorFao": Array [
        "27",
      ],
      "mpant": Array [],
      "mparu": Array [],
      "mregion": Array [],
      "ocean": Array [],
      "other": Array [],
      "rfmo": Array [
        "ICCAT",
        "ICES",
        "IWC",
        "NASCO",
        "ACAP",
        "NAMMCO",
      ],
      "vme": Array [],
    },
    "start": 1556258142000,
    "type": "loitering",
    "vessel": Object {
      "id": "fbd0ce041-1286-bbcc-e9d8-0e0247265d9d",
      "name": "INTER NORD",
      "nextPort": null,
      "ssvid": "259078000",
    },
  },
  Object {
    "boundingBox": Array [
      14.95993,
      68.57454,
      14.9598883333,
      68.57454,
    ],
    "color": "#cfa9f9",
    "description": "Loitering in Norwegian EEZ",
    "descriptionGeneric": "Loitering",
    "distances": Object {
      "endDistanceFromPortKm": 0,
      "endDistanceFromShoreKm": 0,
      "startDistanceFromPortKm": 0,
      "startDistanceFromShoreKm": 0,
    },
    "durationDescription": "5h 2m",
    "end": 1556251063000,
    "id": "loitering-2997",
    "loitering": Object {
      "averageDistanceFromShoreKm": 0,
      "averageSpeedKnots": 0,
      "totalDistanceKm": 0,
      "totalTimeHours": 5.030555555555556,
    },
    "position": Object {
      "lat": 68.57454,
      "lon": 14.95990916665,
    },
    "regionDescription": "Norwegian EEZ",
    "regions": Object {
      "ames": Array [],
      "arg": Array [],
      "eez": Array [
        "5686",
      ],
      "fao": Array [
        "27.2.a",
        "27.2.a.2",
        "27.2",
        "27",
      ],
      "hsp": Array [],
      "kkp": Array [],
      "majorFao": Array [
        "27",
      ],
      "mpant": Array [],
      "mparu": Array [],
      "mregion": Array [
        "33",
      ],
      "ocean": Array [
        "atlantic",
      ],
      "other": Array [],
      "rfmo": Array [
        "ICCAT",
        "ICES",
        "IWC",
        "NASCO",
        "ACAP",
        "NAMMCO",
      ],
      "vme": Array [],
    },
    "start": 1556232953000,
    "type": "loitering",
    "vessel": Object {
      "id": "fbd0ce041-1286-bbcc-e9d8-0e0247265d9d",
      "name": "INTER NORD",
      "nextPort": null,
      "ssvid": "259078000",
    },
  },
  Object {
    "boundingBox": Array [
      15.1374,
      68.563,
      15.05911,
      68.56626,
    ],
    "color": "#cfa9f9",
    "description": "Loitering in Norwegian EEZ",
    "descriptionGeneric": "Loitering",
    "distances": Object {
      "endDistanceFromPortKm": 4.062665,
      "endDistanceFromShoreKm": 1,
      "startDistanceFromPortKm": 4.95246,
      "startDistanceFromShoreKm": 2,
    },
    "durationDescription": "1h ",
    "end": 1556229323000,
    "id": "loitering-2996",
    "loitering": Object {
      "averageDistanceFromShoreKm": 1.8043361884368314,
      "averageSpeedKnots": 1.82075591303104,
      "totalDistanceKm": 3.372039950933486,
      "totalTimeHours": 1,
    },
    "position": Object {
      "lat": 68.56463,
      "lon": 15.098255,
    },
    "regionDescription": "Norwegian EEZ",
    "regions": Object {
      "ames": Array [],
      "arg": Array [],
      "eez": Array [
        "5686",
      ],
      "fao": Array [
        "27.2.a",
        "27.2.a.2",
        "27.2",
        "27",
      ],
      "hsp": Array [],
      "kkp": Array [],
      "majorFao": Array [
        "27",
      ],
      "mpant": Array [],
      "mparu": Array [],
      "mregion": Array [
        "33",
      ],
      "ocean": Array [
        "atlantic",
      ],
      "other": Array [],
      "rfmo": Array [
        "ICCAT",
        "ICES",
        "IWC",
        "NASCO",
        "ACAP",
        "NAMMCO",
      ],
      "vme": Array [],
    },
    "start": 1556225723000,
    "type": "loitering",
    "vessel": Object {
      "id": "fbd0ce041-1286-bbcc-e9d8-0e0247265d9d",
      "name": "INTER NORD",
      "nextPort": null,
      "ssvid": "259078000",
    },
  },
  Object {
    "boundingBox": Array [
      15.0079733333,
      68.5717333333,
      15.032565,
      68.5703433333,
    ],
    "color": "#cfa9f9",
    "description": "Loitering in Norwegian EEZ",
    "descriptionGeneric": "Loitering",
    "distances": Object {
      "endDistanceFromPortKm": 2.8438649999999996,
      "endDistanceFromShoreKm": 1,
      "startDistanceFromPortKm": 2.031333,
      "startDistanceFromShoreKm": 1,
    },
    "durationDescription": "2h 59m",
    "end": 1556222313000,
    "id": "loitering-2995",
    "loitering": Object {
      "averageDistanceFromShoreKm": 0.09705228031145716,
      "averageSpeedKnots": 0.9173657872917595,
      "totalDistanceKm": 5.075175362484416,
      "totalTimeHours": 2.9872222222222216,
    },
    "position": Object {
      "lat": 68.57103833330001,
      "lon": 15.02026916665,
    },
    "regionDescription": "Norwegian EEZ",
    "regions": Object {
      "ames": Array [],
      "arg": Array [],
      "eez": Array [
        "5686",
      ],
      "fao": Array [
        "27.2.a",
        "27.2.a.2",
        "27.2",
        "27",
      ],
      "hsp": Array [],
      "kkp": Array [],
      "majorFao": Array [
        "27",
      ],
      "mpant": Array [],
      "mparu": Array [],
      "mregion": Array [
        "33",
      ],
      "ocean": Array [
        "atlantic",
      ],
      "other": Array [],
      "rfmo": Array [
        "ICCAT",
        "ICES",
        "IWC",
        "NASCO",
        "ACAP",
        "NAMMCO",
      ],
      "vme": Array [],
    },
    "start": 1556211559000,
    "type": "loitering",
    "vessel": Object {
      "id": "fbd0ce041-1286-bbcc-e9d8-0e0247265d9d",
      "name": "INTER NORD",
      "nextPort": null,
      "ssvid": "259078000",
    },
  },
  Object {
    "boundingBox": Array [
      16.1218216667,
      68.5244533333,
      16.1313383333,
      68.5251566667,
    ],
    "color": "#cfa9f9",
    "description": "Loitering in Norwegian EEZ",
    "descriptionGeneric": "Loitering",
    "distances": Object {
      "endDistanceFromPortKm": 13.174852999999999,
      "endDistanceFromShoreKm": 1,
      "startDistanceFromPortKm": 11.991343,
      "startDistanceFromShoreKm": 0,
    },
    "durationDescription": "3h 5m",
    "end": 1556186392000,
    "id": "loitering-2994",
    "loitering": Object {
      "averageDistanceFromShoreKm": 0.05306784394990541,
      "averageSpeedKnots": 0.07121529348800051,
      "totalDistanceKm": 0.4062967011267018,
      "totalTimeHours": 3.0805555555555553,
    },
    "position": Object {
      "lat": 68.524805,
      "lon": 16.12658,
    },
    "regionDescription": "Norwegian EEZ",
    "regions": Object {
      "ames": Array [],
      "arg": Array [],
      "eez": Array [
        "5686",
      ],
      "fao": Array [],
      "hsp": Array [],
      "kkp": Array [],
      "majorFao": Array [],
      "mpant": Array [],
      "mparu": Array [],
      "mregion": Array [],
      "ocean": Array [],
      "other": Array [],
      "rfmo": Array [],
      "vme": Array [],
    },
    "start": 1556175302000,
    "type": "loitering",
    "vessel": Object {
      "id": "fbd0ce041-1286-bbcc-e9d8-0e0247265d9d",
      "name": "INTER NORD",
      "nextPort": null,
      "ssvid": "259078000",
    },
  },
  Object {
    "boundingBox": Array [
      14.91184,
      68.5786466667,
      14.9597466667,
      68.5745416667,
    ],
    "color": "#cfa9f9",
    "description": "Loitering in Norwegian EEZ",
    "descriptionGeneric": "Loitering",
    "distances": Object {
      "endDistanceFromPortKm": 0,
      "endDistanceFromShoreKm": 0,
      "startDistanceFromPortKm": 1.111949,
      "startDistanceFromShoreKm": 1,
    },
    "durationDescription": "1h 53m",
    "end": 1556139103000,
    "id": "loitering-2993",
    "loitering": Object {
      "averageDistanceFromShoreKm": 0.12253703437365167,
      "averageSpeedKnots": 0.5791872259907517,
      "totalDistanceKm": 2.014505198410631,
      "totalTimeHours": 1.8780555555555556,
    },
    "position": Object {
      "lat": 68.5765941667,
      "lon": 14.935793333349999,
    },
    "regionDescription": "Norwegian EEZ",
    "regions": Object {
      "ames": Array [],
      "arg": Array [],
      "eez": Array [
        "5686",
      ],
      "fao": Array [],
      "hsp": Array [],
      "kkp": Array [],
      "majorFao": Array [],
      "mpant": Array [],
      "mparu": Array [],
      "mregion": Array [
        "33",
      ],
      "ocean": Array [
        "atlantic",
      ],
      "other": Array [],
      "rfmo": Array [],
      "vme": Array [],
    },
    "start": 1556132342000,
    "type": "loitering",
    "vessel": Object {
      "id": "fbd0ce041-1286-bbcc-e9d8-0e0247265d9d",
      "name": "INTER NORD",
      "nextPort": null,
      "ssvid": "259078000",
    },
  },
  Object {
    "boundingBox": Array [
      14.9569716667,
      68.6942266667,
      14.9569416667,
      68.6942333333,
    ],
    "color": "#cfa9f9",
    "description": "Loitering in Norwegian EEZ",
    "descriptionGeneric": "Loitering",
    "distances": Object {
      "endDistanceFromPortKm": 13.343392,
      "endDistanceFromShoreKm": 1,
      "startDistanceFromPortKm": 13.343392,
      "startDistanceFromShoreKm": 1,
    },
    "durationDescription": "1h 6m",
    "end": 1556125103000,
    "id": "loitering-2992",
    "loitering": Object {
      "averageDistanceFromShoreKm": 1.0000000000000002,
      "averageSpeedKnots": 0,
      "totalDistanceKm": 0,
      "totalTimeHours": 1.0947222222222222,
    },
    "position": Object {
      "lat": 68.69423,
      "lon": 14.9569566667,
    },
    "regionDescription": "Norwegian EEZ",
    "regions": Object {
      "ames": Array [],
      "arg": Array [],
      "eez": Array [
        "5686",
      ],
      "fao": Array [
        "27.2.a",
        "27.2.a.2",
        "27.2",
        "27",
      ],
      "hsp": Array [],
      "kkp": Array [],
      "majorFao": Array [
        "27",
      ],
      "mpant": Array [],
      "mparu": Array [],
      "mregion": Array [],
      "ocean": Array [],
      "other": Array [],
      "rfmo": Array [
        "ICCAT",
        "ICES",
        "IWC",
        "NASCO",
        "ACAP",
        "NAMMCO",
      ],
      "vme": Array [],
    },
    "start": 1556121162000,
    "type": "loitering",
    "vessel": Object {
      "id": "fbd0ce041-1286-bbcc-e9d8-0e0247265d9d",
      "name": "INTER NORD",
      "nextPort": null,
      "ssvid": "259078000",
    },
  },
  Object {
    "boundingBox": Array [
      14.95712,
      68.5744533333,
      14.9346933333,
      68.5771466667,
    ],
    "color": "#cfa9f9",
    "description": "Loitering in Norwegian EEZ",
    "descriptionGeneric": "Loitering",
    "distances": Object {
      "endDistanceFromPortKm": 1.111949,
      "endDistanceFromShoreKm": 1,
      "startDistanceFromPortKm": 0,
      "startDistanceFromShoreKm": 0,
    },
    "durationDescription": "2h 0m",
    "end": 1556114310000,
    "id": "loitering-2991",
    "loitering": Object {
      "averageDistanceFromShoreKm": 0.09309967141292443,
      "averageSpeedKnots": 0.25925499365707416,
      "totalDistanceKm": 0.9608139856705282,
      "totalTimeHours": 2.0011111111111113,
    },
    "position": Object {
      "lat": 68.5758,
      "lon": 14.94590666665,
    },
    "regionDescription": "Norwegian EEZ",
    "regions": Object {
      "ames": Array [],
      "arg": Array [],
      "eez": Array [
        "5686",
      ],
      "fao": Array [],
      "hsp": Array [],
      "kkp": Array [],
      "majorFao": Array [],
      "mpant": Array [],
      "mparu": Array [],
      "mregion": Array [
        "33",
      ],
      "ocean": Array [
        "atlantic",
      ],
      "other": Array [],
      "rfmo": Array [],
      "vme": Array [],
    },
    "start": 1556107106000,
    "type": "loitering",
    "vessel": Object {
      "id": "fbd0ce041-1286-bbcc-e9d8-0e0247265d9d",
      "name": "INTER NORD",
      "nextPort": null,
      "ssvid": "259078000",
    },
  },
  Object {
    "boundingBox": Array [
      15.0904533333,
      68.5642133333,
      15.06233,
      68.5645033333,
    ],
    "color": "#cfa9f9",
    "description": "Loitering in Norwegian EEZ",
    "descriptionGeneric": "Loitering",
    "distances": Object {
      "endDistanceFromPortKm": 4.2129579999999995,
      "endDistanceFromShoreKm": 2,
      "startDistanceFromPortKm": 5.398397,
      "startDistanceFromShoreKm": 3,
    },
    "durationDescription": "1h 56m",
    "end": 1556103323000,
    "id": "loitering-2990",
    "loitering": Object {
      "averageDistanceFromShoreKm": 2.86231987444714,
      "averageSpeedKnots": 0.838236237231326,
      "totalDistanceKm": 3.000901562639295,
      "totalTimeHours": 1.9330555555555553,
    },
    "position": Object {
      "lat": 68.56435833329999,
      "lon": 15.07639166665,
    },
    "regionDescription": "Norwegian EEZ",
    "regions": Object {
      "ames": Array [],
      "arg": Array [],
      "eez": Array [
        "5686",
      ],
      "fao": Array [
        "27.2.a",
        "27.2.a.2",
        "27.2",
        "27",
      ],
      "hsp": Array [],
      "kkp": Array [],
      "majorFao": Array [
        "27",
      ],
      "mpant": Array [],
      "mparu": Array [],
      "mregion": Array [
        "33",
      ],
      "ocean": Array [
        "atlantic",
      ],
      "other": Array [],
      "rfmo": Array [
        "ICCAT",
        "ICES",
        "IWC",
        "NASCO",
        "ACAP",
        "NAMMCO",
      ],
      "vme": Array [],
    },
    "start": 1556096364000,
    "type": "loitering",
    "vessel": Object {
      "id": "fbd0ce041-1286-bbcc-e9d8-0e0247265d9d",
      "name": "INTER NORD",
      "nextPort": null,
      "ssvid": "259078000",
    },
  },
  Object {
    "boundingBox": Array [
      14.9387716667,
      68.5773083333,
      14.9592816667,
      68.573905,
    ],
    "color": "#cfa9f9",
    "description": "Loitering in Norwegian EEZ",
    "descriptionGeneric": "Loitering",
    "distances": Object {
      "endDistanceFromPortKm": 0,
      "endDistanceFromShoreKm": 0,
      "startDistanceFromPortKm": 1.111949,
      "startDistanceFromShoreKm": 1,
    },
    "durationDescription": "1h 2m",
    "end": 1556092683000,
    "id": "loitering-2989",
    "loitering": Object {
      "averageDistanceFromShoreKm": 0.15979254136823906,
      "averageSpeedKnots": 0.6538276410202123,
      "totalDistanceKm": 1.2478881708996101,
      "totalTimeHours": 1.0305555555555554,
    },
    "position": Object {
      "lat": 68.57560666665,
      "lon": 14.9490266667,
    },
    "regionDescription": "Norwegian EEZ",
    "regions": Object {
      "ames": Array [],
      "arg": Array [],
      "eez": Array [
        "5686",
      ],
      "fao": Array [],
      "hsp": Array [],
      "kkp": Array [],
      "majorFao": Array [],
      "mpant": Array [],
      "mparu": Array [],
      "mregion": Array [
        "33",
      ],
      "ocean": Array [
        "atlantic",
      ],
      "other": Array [],
      "rfmo": Array [],
      "vme": Array [],
    },
    "start": 1556088973000,
    "type": "loitering",
    "vessel": Object {
      "id": "fbd0ce041-1286-bbcc-e9d8-0e0247265d9d",
      "name": "INTER NORD",
      "nextPort": null,
      "ssvid": "259078000",
    },
  },
  Object {
    "boundingBox": Array [
      14.708755,
      68.5840783333,
      14.7082133333,
      68.5838666667,
    ],
    "color": "#cfa9f9",
    "description": "Loitering in Norwegian EEZ",
    "descriptionGeneric": "Loitering",
    "distances": Object {
      "endDistanceFromPortKm": 8.199269000000001,
      "endDistanceFromShoreKm": 0,
      "startDistanceFromPortKm": 8.199269000000001,
      "startDistanceFromShoreKm": 0,
    },
    "durationDescription": "1h 5m",
    "end": 1556085596000,
    "id": "loitering-2988",
    "loitering": Object {
      "averageDistanceFromShoreKm": 0,
      "averageSpeedKnots": 0.01428983694173841,
      "totalDistanceKm": 0.028817202728641713,
      "totalTimeHours": 1.0888888888888888,
    },
    "position": Object {
      "lat": 68.5839725,
      "lon": 14.708484166649999,
    },
    "regionDescription": "Norwegian EEZ",
    "regions": Object {
      "ames": Array [],
      "arg": Array [],
      "eez": Array [
        "5686",
      ],
      "fao": Array [
        "27.2.a",
        "27.2.a.2",
        "27.2",
        "27",
      ],
      "hsp": Array [],
      "kkp": Array [],
      "majorFao": Array [
        "27",
      ],
      "mpant": Array [],
      "mparu": Array [],
      "mregion": Array [
        "33",
      ],
      "ocean": Array [
        "atlantic",
      ],
      "other": Array [],
      "rfmo": Array [
        "ICCAT",
        "ICES",
        "IWC",
        "NASCO",
        "ACAP",
        "NAMMCO",
      ],
      "vme": Array [],
    },
    "start": 1556081676000,
    "type": "loitering",
    "vessel": Object {
      "id": "fbd0ce041-1286-bbcc-e9d8-0e0247265d9d",
      "name": "INTER NORD",
      "nextPort": null,
      "ssvid": "259078000",
    },
  },
  Object {
    "boundingBox": Array [
      14.9572216667,
      68.5744583333,
      14.9572116667,
      68.5744566667,
    ],
    "color": "#cfa9f9",
    "description": "Loitering in Norwegian EEZ",
    "descriptionGeneric": "Loitering",
    "distances": Object {
      "endDistanceFromPortKm": 0,
      "endDistanceFromShoreKm": 0,
      "startDistanceFromPortKm": 0,
      "startDistanceFromShoreKm": 0,
    },
    "durationDescription": "11h 59m",
    "end": 1556078173000,
    "id": "loitering-2987",
    "loitering": Object {
      "averageDistanceFromShoreKm": 0,
      "averageSpeedKnots": 0,
      "totalDistanceKm": 0,
      "totalTimeHours": 11.98888888888889,
    },
    "position": Object {
      "lat": 68.5744575,
      "lon": 14.957216666699999,
    },
    "regionDescription": "Norwegian EEZ",
    "regions": Object {
      "ames": Array [],
      "arg": Array [],
      "eez": Array [
        "5686",
      ],
      "fao": Array [
        "27.2.a",
        "27.2.a.2",
        "27.2",
        "27",
      ],
      "hsp": Array [],
      "kkp": Array [],
      "majorFao": Array [
        "27",
      ],
      "mpant": Array [],
      "mparu": Array [],
      "mregion": Array [
        "33",
      ],
      "ocean": Array [
        "atlantic",
      ],
      "other": Array [],
      "rfmo": Array [
        "ICCAT",
        "ICES",
        "IWC",
        "NASCO",
        "ACAP",
        "NAMMCO",
      ],
      "vme": Array [],
    },
    "start": 1556035013000,
    "type": "loitering",
    "vessel": Object {
      "id": "fbd0ce041-1286-bbcc-e9d8-0e0247265d9d",
      "name": "INTER NORD",
      "nextPort": null,
      "ssvid": "259078000",
    },
  },
  Object {
    "boundingBox": Array [
      15.1170666667,
      68.56552,
      15.12992,
      68.5806866667,
    ],
    "color": "#cfa9f9",
    "description": "Loitering in Norwegian EEZ",
    "descriptionGeneric": "Loitering",
    "distances": Object {
      "endDistanceFromPortKm": 6.887527,
      "endDistanceFromShoreKm": 2,
      "startDistanceFromPortKm": 6.307912,
      "startDistanceFromShoreKm": 2,
    },
    "durationDescription": " 59m",
    "end": 1556031492000,
    "id": "loitering-2986",
    "loitering": Object {
      "averageDistanceFromShoreKm": 1.9999999999999996,
      "averageSpeedKnots": 1.09637848954826,
      "totalDistanceKm": 1.984242845160945,
      "totalTimeHours": 0.9772222222222222,
    },
    "position": Object {
      "lat": 68.57310333335,
      "lon": 15.12349333335,
    },
    "regionDescription": "Norwegian EEZ",
    "regions": Object {
      "ames": Array [],
      "arg": Array [],
      "eez": Array [
        "5686",
      ],
      "fao": Array [
        "27.2.a",
        "27.2.a.2",
        "27.2",
        "27",
      ],
      "hsp": Array [],
      "kkp": Array [],
      "majorFao": Array [
        "27",
      ],
      "mpant": Array [],
      "mparu": Array [],
      "mregion": Array [
        "33",
      ],
      "ocean": Array [
        "atlantic",
      ],
      "other": Array [],
      "rfmo": Array [
        "ICCAT",
        "ICES",
        "IWC",
        "NASCO",
        "ACAP",
        "NAMMCO",
      ],
      "vme": Array [],
    },
    "start": 1556027974000,
    "type": "loitering",
    "vessel": Object {
      "id": "fbd0ce041-1286-bbcc-e9d8-0e0247265d9d",
      "name": "INTER NORD",
      "nextPort": null,
      "ssvid": "259078000",
    },
  },
  Object {
    "boundingBox": Array [
      14.96016,
      68.5745233333,
      15.0196633333,
      68.5700166667,
    ],
    "color": "#cfa9f9",
    "description": "Loitering in Norwegian EEZ",
    "descriptionGeneric": "Loitering",
    "distances": Object {
      "endDistanceFromPortKm": 2.437599,
      "endDistanceFromShoreKm": 1,
      "startDistanceFromPortKm": 0,
      "startDistanceFromShoreKm": 0,
    },
    "durationDescription": "1h 60m",
    "end": 1556024193000,
    "id": "loitering-2985",
    "loitering": Object {
      "averageDistanceFromShoreKm": 0.07903686573255339,
      "averageSpeedKnots": 0.6745764140032845,
      "totalDistanceKm": 2.495507748671331,
      "totalTimeHours": 1.9975000000000005,
    },
    "position": Object {
      "lat": 68.57227,
      "lon": 14.98991166665,
    },
    "regionDescription": "Norwegian EEZ",
    "regions": Object {
      "ames": Array [],
      "arg": Array [],
      "eez": Array [
        "5686",
      ],
      "fao": Array [
        "27.2.a",
        "27.2.a.2",
        "27.2",
        "27",
      ],
      "hsp": Array [],
      "kkp": Array [],
      "majorFao": Array [
        "27",
      ],
      "mpant": Array [],
      "mparu": Array [],
      "mregion": Array [
        "33",
      ],
      "ocean": Array [
        "atlantic",
      ],
      "other": Array [],
      "rfmo": Array [
        "ICCAT",
        "ICES",
        "IWC",
        "NASCO",
        "ACAP",
        "NAMMCO",
      ],
      "vme": Array [],
    },
    "start": 1556017002000,
    "type": "loitering",
    "vessel": Object {
      "id": "fbd0ce041-1286-bbcc-e9d8-0e0247265d9d",
      "name": "INTER NORD",
      "nextPort": null,
      "ssvid": "259078000",
    },
  },
  Object {
    "boundingBox": Array [
      14.9627466667,
      68.6924,
      14.9529716667,
      68.690395,
    ],
    "color": "#cfa9f9",
    "description": "Loitering in Norwegian EEZ",
    "descriptionGeneric": "Loitering",
    "distances": Object {
      "endDistanceFromPortKm": 13.343392,
      "endDistanceFromShoreKm": 1,
      "startDistanceFromPortKm": 13.343392,
      "startDistanceFromShoreKm": 1,
    },
    "durationDescription": "2h 57m",
    "end": 1556009763000,
    "id": "loitering-2984",
    "loitering": Object {
      "averageDistanceFromShoreKm": 1.0000000000000009,
      "averageSpeedKnots": 0.14453004776458236,
      "totalDistanceKm": 0.789699815637147,
      "totalTimeHours": 2.950277777777777,
    },
    "position": Object {
      "lat": 68.6913975,
      "lon": 14.9578591667,
    },
    "regionDescription": "Norwegian EEZ",
    "regions": Object {
      "ames": Array [],
      "arg": Array [],
      "eez": Array [
        "5686",
      ],
      "fao": Array [
        "27.2.a",
        "27.2.a.2",
        "27.2",
        "27",
      ],
      "hsp": Array [],
      "kkp": Array [],
      "majorFao": Array [
        "27",
      ],
      "mpant": Array [],
      "mparu": Array [],
      "mregion": Array [],
      "ocean": Array [],
      "other": Array [],
      "rfmo": Array [
        "ICCAT",
        "ICES",
        "IWC",
        "NASCO",
        "ACAP",
        "NAMMCO",
      ],
      "vme": Array [],
    },
    "start": 1555999142000,
    "type": "loitering",
    "vessel": Object {
      "id": "fbd0ce041-1286-bbcc-e9d8-0e0247265d9d",
      "name": "INTER NORD",
      "nextPort": null,
      "ssvid": "259078000",
    },
  },
  Object {
    "boundingBox": Array [
      14.9599333333,
      68.574535,
      14.95992,
      68.5745333333,
    ],
    "color": "#cfa9f9",
    "description": "Loitering in Norwegian EEZ",
    "descriptionGeneric": "Loitering",
    "distances": Object {
      "endDistanceFromPortKm": 0,
      "endDistanceFromShoreKm": 0,
      "startDistanceFromPortKm": 0,
      "startDistanceFromShoreKm": 0,
    },
    "durationDescription": "7h 3m",
    "end": 1555991975000,
    "id": "loitering-2983",
    "loitering": Object {
      "averageDistanceFromShoreKm": 0,
      "averageSpeedKnots": 0,
      "totalDistanceKm": 0,
      "totalTimeHours": 7.050833333333332,
    },
    "position": Object {
      "lat": 68.57453416665,
      "lon": 14.95992666665,
    },
    "regionDescription": "Norwegian EEZ",
    "regions": Object {
      "ames": Array [],
      "arg": Array [],
      "eez": Array [
        "5686",
      ],
      "fao": Array [
        "27.2.a",
        "27.2.a.2",
        "27.2",
        "27",
      ],
      "hsp": Array [],
      "kkp": Array [],
      "majorFao": Array [
        "27",
      ],
      "mpant": Array [],
      "mparu": Array [],
      "mregion": Array [
        "33",
      ],
      "ocean": Array [
        "atlantic",
      ],
      "other": Array [],
      "rfmo": Array [
        "ICCAT",
        "ICES",
        "IWC",
        "NASCO",
        "ACAP",
        "NAMMCO",
      ],
      "vme": Array [],
    },
    "start": 1555966592000,
    "type": "loitering",
    "vessel": Object {
      "id": "fbd0ce041-1286-bbcc-e9d8-0e0247265d9d",
      "name": "INTER NORD",
      "nextPort": null,
      "ssvid": "259078000",
    },
  },
  Object {
    "boundingBox": Array [
      17.483715,
      69.01621,
      17.4565716667,
      69.015795,
    ],
    "color": "#cfa9f9",
    "description": "Loitering in Norwegian EEZ",
    "descriptionGeneric": "Loitering",
    "distances": Object {
      "endDistanceFromPortKm": 1.367747,
      "endDistanceFromShoreKm": 1,
      "startDistanceFromPortKm": 1.942585,
      "startDistanceFromShoreKm": 1,
    },
    "durationDescription": "3h 57m",
    "end": 1555934113000,
    "id": "loitering-2982",
    "loitering": Object {
      "averageDistanceFromShoreKm": 1,
      "averageSpeedKnots": 0.3902746342257078,
      "totalDistanceKm": 2.8570228053885933,
      "totalTimeHours": 3.9527777777777784,
    },
    "position": Object {
      "lat": 69.0160025,
      "lon": 17.470143333350002,
    },
    "regionDescription": "Norwegian EEZ",
    "regions": Object {
      "ames": Array [],
      "arg": Array [],
      "eez": Array [
        "5686",
      ],
      "fao": Array [
        "27.2.a",
        "27.2.a.2",
        "27.2",
        "27",
      ],
      "hsp": Array [],
      "kkp": Array [],
      "majorFao": Array [
        "27",
      ],
      "mpant": Array [],
      "mparu": Array [],
      "mregion": Array [
        "33",
      ],
      "ocean": Array [
        "atlantic",
      ],
      "other": Array [],
      "rfmo": Array [
        "ICCAT",
        "ICES",
        "IWC",
        "NASCO",
        "ACAP",
        "NAMMCO",
      ],
      "vme": Array [],
    },
    "start": 1555919883000,
    "type": "loitering",
    "vessel": Object {
      "id": "fbd0ce041-1286-bbcc-e9d8-0e0247265d9d",
      "name": "INTER NORD",
      "nextPort": null,
      "ssvid": "259078000",
    },
  },
  Object {
    "boundingBox": Array [
      13.3544183333,
      68.0339833333,
      13.3527,
      68.0358483333,
    ],
    "color": "#cfa9f9",
    "description": "Loitering in Norwegian EEZ",
    "descriptionGeneric": "Loitering",
    "distances": Object {
      "endDistanceFromPortKm": 1.111949,
      "endDistanceFromShoreKm": 0,
      "startDistanceFromPortKm": 0,
      "startDistanceFromShoreKm": 0,
    },
    "durationDescription": "18h 59m",
    "end": 1555872952000,
    "id": "loitering-2981",
    "loitering": Object {
      "averageDistanceFromShoreKm": 0,
      "averageSpeedKnots": 0.05449344348774724,
      "totalDistanceKm": 1.915552919998586,
      "totalTimeHours": 18.980555555555558,
    },
    "position": Object {
      "lat": 68.0349158333,
      "lon": 13.353559166650001,
    },
    "regionDescription": "Norwegian EEZ",
    "regions": Object {
      "ames": Array [],
      "arg": Array [],
      "eez": Array [
        "5686",
      ],
      "fao": Array [],
      "hsp": Array [],
      "kkp": Array [],
      "majorFao": Array [],
      "mpant": Array [],
      "mparu": Array [],
      "mregion": Array [],
      "ocean": Array [],
      "other": Array [],
      "rfmo": Array [],
      "vme": Array [],
    },
    "start": 1555804622000,
    "type": "loitering",
    "vessel": Object {
      "id": "fbd0ce041-1286-bbcc-e9d8-0e0247265d9d",
      "name": "INTER NORD",
      "nextPort": null,
      "ssvid": "259078000",
    },
  },
  Object {
    "boundingBox": Array [
      17.4611733333,
      69.0103733333,
      17.479295,
      69.0147583333,
    ],
    "color": "#cfa9f9",
    "description": "Loitering in Norwegian EEZ",
    "descriptionGeneric": "Loitering",
    "distances": Object {
      "endDistanceFromPortKm": 1.593223,
      "endDistanceFromShoreKm": 1,
      "startDistanceFromPortKm": 0.796612,
      "startDistanceFromShoreKm": 1,
    },
    "durationDescription": "4h 56m",
    "end": 1555750502000,
    "id": "loitering-2980",
    "loitering": Object {
      "averageDistanceFromShoreKm": 0.5901001112347052,
      "averageSpeedKnots": 0.46519472915203364,
      "totalDistanceKm": 4.249070565168541,
      "totalTimeHours": 4.931944444444444,
    },
    "position": Object {
      "lat": 69.01256583329999,
      "lon": 17.470234166650002,
    },
    "regionDescription": "Norwegian EEZ",
    "regions": Object {
      "ames": Array [],
      "arg": Array [],
      "eez": Array [
        "5686",
      ],
      "fao": Array [
        "27.2.a",
        "27.2.a.2",
        "27.2",
        "27",
      ],
      "hsp": Array [],
      "kkp": Array [],
      "majorFao": Array [
        "27",
      ],
      "mpant": Array [],
      "mparu": Array [],
      "mregion": Array [
        "33",
      ],
      "ocean": Array [
        "atlantic",
      ],
      "other": Array [],
      "rfmo": Array [
        "ICCAT",
        "ICES",
        "IWC",
        "NASCO",
        "ACAP",
        "NAMMCO",
      ],
      "vme": Array [],
    },
    "start": 1555732747000,
    "type": "loitering",
    "vessel": Object {
      "id": "fbd0ce041-1286-bbcc-e9d8-0e0247265d9d",
      "name": "INTER NORD",
      "nextPort": null,
      "ssvid": "259078000",
    },
  },
]
`;
